Initialized native services in: C:\Users\vbant\.gradle\native
Initialized jansi services in: C:\Users\vbant\.gradle\native
Found daemon DaemonInfo{pid=4364, address=[c842e891-5fff-465b-a77f-37a798cfa571 port:62350, addresses:[/127.0.0.1]], state=Idle, lastBusy=1774200307190, context=DefaultDaemonContext[uid=89f11b11-6c0b-4220-90b2-668793620fe9,javaHome=C:\Program Files\Android\Android Studio\jbr,javaVersion=21,javaVendor=JetBrains s.r.o.,daemonRegistryDir=C:\Users\vbant\.gradle\daemon,pid=4364,idleTimeout=10800000,priority=NORMAL,applyInstrumentationAgent=true,nativeServicesMode=ENABLED,daemonOpts=-Xmx2048m,-Dfile.encoding=UTF-8,-Duser.country=IN,-Duser.language=en,-Duser.variant]} however its context does not match the desired criteria.
JVM is incompatible.
Wanted: DaemonRequestContext{jvmCriteria=C:\Program Files\Microsoft\jdk-17.0.13.11-hotspot (no JDK specified, using current Java home), daemonOpts=[-Xmx2048m, -Dfile.encoding=UTF-8, -Duser.country=IN, -Duser.language=en, -Duser.variant], applyInstrumentationAgent=true, nativeServicesMode=ENABLED, priority=NORMAL}
Actual: DefaultDaemonContext[uid=89f11b11-6c0b-4220-90b2-668793620fe9,javaHome=C:\Program Files\Android\Android Studio\jbr,javaVersion=21,javaVendor=JetBrains s.r.o.,daemonRegistryDir=C:\Users\vbant\.gradle\daemon,pid=4364,idleTimeout=10800000,priority=NORMAL,applyInstrumentationAgent=true,nativeServicesMode=ENABLED,daemonOpts=-Xmx2048m,-Dfile.encoding=UTF-8,-Duser.country=IN,-Duser.language=en,-Duser.variant]

  Looking for a different daemon...
The client will now receive all logging from the daemon (pid: 1512). The daemon log file: C:\Users\vbant\.gradle\daemon\8.13\daemon-1512.out.log
Starting 2nd build in daemon [uptime: 38.58 secs, performance: 99%, GC rate: 0.00/s, heap usage: 0% of 2 GiB]
Using 12 worker leases.
Now considering [C:\Users\vbant\AndroidStudioProjects\ManoMitra] as hierarchies to watch
Reusing configuration cache.
Now considering [C:\Users\vbant\AndroidStudioProjects\ManoMitra] as hierarchies to watch
Watching the file system is configured to be enabled if available
File system watching is active
Tasks to be executed: [task ':app:preBuild', task ':app:preDebugBuild', task ':app:mergeDebugNativeDebugMetadata', task ':app:dataBindingMergeDependencyArtifactsDebug', task ':app:generateDebugResValues', task ':app:generateDebugResources', task ':app:processDebugGoogleServices', task ':app:mergeDebugResources', task ':app:packageDebugResources', task ':app:processDebugNavigationResources', task ':app:parseDebugLocalResources', task ':app:dataBindingGenBaseClassesDebug', task ':app:generateDebugBuildConfig', task ':app:javaPreCompileDebug', task ':app:checkDebugAarMetadata', task ':app:compileDebugNavigationResources', task ':app:mapDebugSourceSetPaths', task ':app:createDebugCompatibleScreenManifests', task ':app:extractDeepLinksDebug', task ':app:processDebugMainManifest', task ':app:processDebugManifest', task ':app:processDebugManifestForPackage', task ':app:processDebugResources', task ':app:compileDebugJavaWithJavac', task ':app:mergeDebugShaders', task ':app:compileDebugShaders', task ':app:generateDebugAssets', task ':app:mergeDebugAssets', task ':app:compressDebugAssets', task ':app:processDebugJavaRes', task ':app:mergeDebugJavaResource', task ':app:checkDebugDuplicateClasses', task ':app:desugarDebugFileDependencies', task ':app:mergeExtDexDebug', task ':app:mergeLibDexDebug', task ':app:dexBuilderDebug', task ':app:mergeProjectDexDebug', task ':app:mergeDebugJniLibFolders', task ':app:mergeDebugNativeLibs', task ':app:stripDebugDebugSymbols', task ':app:validateSigningDebug', task ':app:writeDebugAppMetadata', task ':app:writeDebugSigningConfigVersions', task ':app:packageDebug', task ':app:createDebugApkListingFileRedirect', task ':app:assembleDebug']
Tasks that were excluded: []
Resolve mutations for :app:preBuild (Thread[Execution worker,5,main]) started.
Resolve mutations for :app:processDebugGoogleServices (Thread[Execution worker Thread 6,5,main]) started.
:app:preBuild (Thread[Execution worker,5,main]) started.
:app:processDebugGoogleServices (Thread[Execution worker Thread 8,5,main]) started.

> Task :app:preBuild UP-TO-DATE
Skipping task ':app:preBuild' as it has no actions.
Resolve mutations for :app:preDebugBuild (Thread[Execution worker,5,main]) started.
:app:preDebugBuild (Thread[Execution worker,5,main]) started.

> Task :app:preDebugBuild UP-TO-DATE
Skipping task ':app:preDebugBuild' as it has no actions.
Resolve mutations for :app:mergeDebugNativeDebugMetadata (Thread[Execution worker,5,main]) started.
Resolve mutations for :app:generateDebugResValues (Thread[Execution worker Thread 7,5,main]) started.
Resolve mutations for :app:generateDebugBuildConfig (Thread[Execution worker Thread 5,5,main]) started.
Resolve mutations for :app:dataBindingMergeDependencyArtifactsDebug (Thread[Execution worker Thread 6,5,main]) started.
Resolve mutations for :app:checkDebugAarMetadata (Thread[Execution worker Thread 3,5,main]) started.
Resolve mutations for :app:createDebugCompatibleScreenManifests (Thread[Execution worker Thread 2,5,main]) started.
Resolve mutations for :app:javaPreCompileDebug (Thread[Execution worker Thread 10,5,main]) started.
:app:dataBindingMergeDependencyArtifactsDebug (Thread[Execution worker Thread 6,5,main]) started.
Resolve mutations for :app:processDebugNavigationResources (Thread[Execution worker Thread 9,5,main]) started.
Resolve mutations for :app:processDebugJavaRes (Thread[Execution worker Thread 4,5,main]) started.
:app:javaPreCompileDebug (Thread[included builds,5,main]) started.
Resolve mutations for :app:checkDebugDuplicateClasses (Thread[Execution worker Thread 10,5,main]) started.
:app:createDebugCompatibleScreenManifests (Thread[Execution worker Thread 2,5,main]) started.
Resolve mutations for :app:mergeDebugShaders (Thread[Execution worker Thread 11,5,main]) started.

> Task :app:processDebugGoogleServices UP-TO-DATE
Caching disabled for task ':app:processDebugGoogleServices' because:
  Build cache is disabled
Skipping task ':app:processDebugGoogleServices' as it is up-to-date.
:app:generateDebugResValues (Thread[Execution worker Thread 7,5,main]) started.
:app:mergeDebugNativeDebugMetadata (Thread[Execution worker,5,main]) started.
:app:processDebugJavaRes (Thread[Execution worker Thread 4,5,main]) started.
:app:generateDebugBuildConfig (Thread[Execution worker Thread 5,5,main]) started.

> Task :app:mergeDebugNativeDebugMetadata NO-SOURCE
Skipping task ':app:mergeDebugNativeDebugMetadata' as it has no source files and no previous output files.
:app:mergeDebugShaders (Thread[Execution worker Thread 11,5,main]) started.
:app:checkDebugAarMetadata (Thread[Execution worker Thread 3,5,main]) started.
Resolve mutations for :app:mergeDebugJniLibFolders (Thread[Execution worker,5,main]) started.
:app:mergeDebugJniLibFolders (Thread[Execution worker,5,main]) started.

> Task :app:generateDebugBuildConfig UP-TO-DATE
Caching disabled for task ':app:generateDebugBuildConfig' because:
  Build cache is disabled
Skipping task ':app:generateDebugBuildConfig' as it is up-to-date.
Resolve mutations for :app:validateSigningDebug (Thread[Execution worker Thread 5,5,main]) started.
:app:processDebugNavigationResources (Thread[Execution worker Thread 9,5,main]) started.

> Task :app:mergeDebugJniLibFolders UP-TO-DATE
Caching disabled for task ':app:mergeDebugJniLibFolders' because:
  Build cache is disabled
  Simple merging task
Skipping task ':app:mergeDebugJniLibFolders' as it is up-to-date.
Resolve mutations for :app:mergeDebugNativeLibs (Thread[Execution worker,5,main]) started.
Resolve mutations for :app:desugarDebugFileDependencies (Thread[Execution worker Thread 8,5,main]) started.

> Task :app:createDebugCompatibleScreenManifests UP-TO-DATE
Caching disabled for task ':app:createDebugCompatibleScreenManifests' because:
  Build cache is disabled
  Caching has been disabled for the task
Skipping task ':app:createDebugCompatibleScreenManifests' as it is up-to-date.
Resolve mutations for :app:writeDebugAppMetadata (Thread[Execution worker Thread 2,5,main]) started.

> Task :app:javaPreCompileDebug UP-TO-DATE
Caching disabled for task ':app:javaPreCompileDebug' because:
  Build cache is disabled
Skipping task ':app:javaPreCompileDebug' as it is up-to-date.
:app:mergeDebugNativeLibs (Thread[Execution worker,5,main]) started.
:app:desugarDebugFileDependencies (Thread[Execution worker Thread 8,5,main]) started.

> Task :app:generateDebugResValues UP-TO-DATE
Caching disabled for task ':app:generateDebugResValues' because:
  Build cache is disabled
Skipping task ':app:generateDebugResValues' as it is up-to-date.
Resolve mutations for :app:writeDebugSigningConfigVersions (Thread[included builds,5,main]) started.
:app:checkDebugDuplicateClasses (Thread[Execution worker Thread 10,5,main]) started.

> Task :app:desugarDebugFileDependencies UP-TO-DATE
Caching disabled for task ':app:desugarDebugFileDependencies' because:
  Build cache is disabled
Skipping task ':app:desugarDebugFileDependencies' as it is up-to-date.
Resolve mutations for :app:extractDeepLinksDebug (Thread[Execution worker Thread 8,5,main]) started.
Resolve mutations for :app:mapDebugSourceSetPaths (Thread[included builds,5,main]) started.
Resolve mutations for :app:generateDebugResources (Thread[Execution worker Thread 7,5,main]) started.
:app:extractDeepLinksDebug (Thread[Execution worker Thread 8,5,main]) started.
:app:generateDebugResources (Thread[Execution worker Thread 7,5,main]) started.
:app:mapDebugSourceSetPaths (Thread[included builds,5,main]) started.
:app:writeDebugAppMetadata (Thread[Execution worker Thread 2,5,main]) started.

> Task :app:mergeDebugShaders UP-TO-DATE
Caching disabled for task ':app:mergeDebugShaders' because:
  Build cache is disabled
  Simple merging task
Skipping task ':app:mergeDebugShaders' as it is up-to-date.
Resolve mutations for :app:compileDebugShaders (Thread[Execution worker Thread 11,5,main]) started.

> Task :app:generateDebugResources UP-TO-DATE
Caching disabled for task ':app:generateDebugResources' because:
  Build cache is disabled
Skipping task ':app:generateDebugResources' as it is up-to-date.

> Task :app:extractDeepLinksDebug UP-TO-DATE
Caching disabled for task ':app:extractDeepLinksDebug' because:
  Build cache is disabled
Skipping task ':app:extractDeepLinksDebug' as it is up-to-date.
:app:compileDebugShaders (Thread[Execution worker Thread 11,5,main]) started.
Resolve mutations for :app:mergeDebugResources (Thread[Execution worker Thread 7,5,main]) started.
Resolve mutations for :app:packageDebugResources (Thread[Execution worker Thread 8,5,main]) started.
:app:mergeDebugResources (Thread[Execution worker Thread 7,5,main]) started.

> Task :app:writeDebugAppMetadata UP-TO-DATE
Caching disabled for task ':app:writeDebugAppMetadata' because:
  Build cache is disabled
  Caching has been disabled for the task
Skipping task ':app:writeDebugAppMetadata' as it is up-to-date.
:app:packageDebugResources (Thread[Execution worker Thread 8,5,main]) started.
:app:validateSigningDebug (Thread[Execution worker Thread 5,5,main]) started.
Resolve mutations for :app:processDebugMainManifest (Thread[Execution worker Thread 2,5,main]) started.
:app:processDebugMainManifest (Thread[Execution worker Thread 2,5,main]) started.

> Task :app:compileDebugShaders NO-SOURCE
Skipping task ':app:compileDebugShaders' as it has no source files and no previous output files.
Resolve mutations for :app:generateDebugAssets (Thread[Execution worker Thread 11,5,main]) started.

> Task :app:validateSigningDebug UP-TO-DATE
Caching disabled for task ':app:validateSigningDebug' because:
  Build cache is disabled
  Caching has been disabled for the task
Skipping task ':app:validateSigningDebug' as it is up-to-date.
:app:writeDebugSigningConfigVersions (Thread[Execution worker Thread 5,5,main]) started.
:app:generateDebugAssets (Thread[Execution worker Thread 11,5,main]) started.

> Task :app:writeDebugSigningConfigVersions UP-TO-DATE
Caching disabled for task ':app:writeDebugSigningConfigVersions' because:
  Build cache is disabled
  Caching has been disabled for the task
Skipping task ':app:writeDebugSigningConfigVersions' as it is up-to-date.

> Task :app:generateDebugAssets UP-TO-DATE
Skipping task ':app:generateDebugAssets' as it has no actions.
Resolve mutations for :app:mergeDebugAssets (Thread[Execution worker Thread 11,5,main]) started.
:app:mergeDebugAssets (Thread[Execution worker Thread 11,5,main]) started.

> Task :app:dataBindingMergeDependencyArtifactsDebug UP-TO-DATE
Caching disabled for task ':app:dataBindingMergeDependencyArtifactsDebug' because:
  Build cache is disabled
  Caching has been disabled for the task
Skipping task ':app:dataBindingMergeDependencyArtifactsDebug' as it is up-to-date.

> Task :app:mapDebugSourceSetPaths UP-TO-DATE
Caching disabled for task ':app:mapDebugSourceSetPaths' because:
  Build cache is disabled
  Caching has been disabled for the task
Skipping task ':app:mapDebugSourceSetPaths' as it is up-to-date.

> Task :app:checkDebugAarMetadata UP-TO-DATE
Caching disabled for task ':app:checkDebugAarMetadata' because:
  Build cache is disabled
  Caching has been disabled for the task
Skipping task ':app:checkDebugAarMetadata' as it is up-to-date.

> Task :app:mergeDebugNativeLibs UP-TO-DATE
Caching disabled for task ':app:mergeDebugNativeLibs' because:
  Build cache is disabled
  Caching has been disabled for the task
Skipping task ':app:mergeDebugNativeLibs' as it is up-to-date.

> Task :app:processDebugJavaRes NO-SOURCE
file or directory 'C:\Users\vbant\AndroidStudioProjects\ManoMitra\app\src\main\resources', not found
file or directory 'C:\Users\vbant\AndroidStudioProjects\ManoMitra\app\src\debug\resources', not found
Skipping task ':app:processDebugJavaRes' as it has no source files and no previous output files.
Resolve mutations for :app:stripDebugDebugSymbols (Thread[Execution worker,5,main]) started.

> Task :app:mergeDebugAssets UP-TO-DATE
Caching disabled for task ':app:mergeDebugAssets' because:
  Build cache is disabled
  Simple merging task
Skipping task ':app:mergeDebugAssets' as it is up-to-date.
Resolve mutations for :app:compressDebugAssets (Thread[Execution worker Thread 6,5,main]) started.
Resolve mutations for :app:mergeDebugJavaResource (Thread[Execution worker Thread 5,5,main]) started.
:app:stripDebugDebugSymbols (Thread[Execution worker,5,main]) started.
:app:compressDebugAssets (Thread[Execution worker Thread 6,5,main]) started.
:app:mergeDebugJavaResource (Thread[Execution worker Thread 5,5,main]) started.

> Task :app:stripDebugDebugSymbols UP-TO-DATE
Caching disabled for task ':app:stripDebugDebugSymbols' because:
  Build cache is disabled
  Caching has been disabled for the task
Skipping task ':app:stripDebugDebugSymbols' as it is up-to-date.

> Task :app:checkDebugDuplicateClasses UP-TO-DATE
Caching disabled for task ':app:checkDebugDuplicateClasses' because:
  Build cache is disabled
  Caching has been disabled for the task
Skipping task ':app:checkDebugDuplicateClasses' as it is up-to-date.
Resolve mutations for :app:mergeExtDexDebug (Thread[Execution worker Thread 10,5,main]) started.
Resolve mutations for :app:mergeLibDexDebug (Thread[Execution worker,5,main]) started.

> Task :app:compressDebugAssets UP-TO-DATE
Caching disabled for task ':app:compressDebugAssets' because:
  Build cache is disabled
Skipping task ':app:compressDebugAssets' as it is up-to-date.
:app:mergeExtDexDebug (Thread[Execution worker Thread 10,5,main]) started.

> Task :app:processDebugNavigationResources UP-TO-DATE
Caching disabled for task ':app:processDebugNavigationResources' because:
  Build cache is disabled
Skipping task ':app:processDebugNavigationResources' as it is up-to-date.
Resolve mutations for :app:compileDebugNavigationResources (Thread[Execution worker Thread 9,5,main]) started.
:app:mergeLibDexDebug (Thread[Execution worker Thread 6,5,main]) started.
:app:compileDebugNavigationResources (Thread[Execution worker Thread 11,5,main]) started.

> Task :app:processDebugMainManifest UP-TO-DATE
Caching disabled for task ':app:processDebugMainManifest' because:
  Build cache is disabled
Skipping task ':app:processDebugMainManifest' as it is up-to-date.
Resolve mutations for :app:processDebugManifest (Thread[Execution worker Thread 2,5,main]) started.

> Task :app:mergeLibDexDebug UP-TO-DATE
Caching disabled for task ':app:mergeLibDexDebug' because:
  Build cache is disabled
Skipping task ':app:mergeLibDexDebug' as it is up-to-date.

> Task :app:compileDebugNavigationResources UP-TO-DATE
Caching disabled for task ':app:compileDebugNavigationResources' because:
  Build cache is disabled
Skipping task ':app:compileDebugNavigationResources' as it is up-to-date.
:app:processDebugManifest (Thread[Execution worker Thread 2,5,main]) started.

> Task :app:mergeDebugJavaResource UP-TO-DATE
Caching disabled for task ':app:mergeDebugJavaResource' because:
  Build cache is disabled
  Caching has been disabled for the task
Skipping task ':app:mergeDebugJavaResource' as it is up-to-date.

> Task :app:mergeExtDexDebug UP-TO-DATE
Caching disabled for task ':app:mergeExtDexDebug' because:
  Build cache is disabled
Skipping task ':app:mergeExtDexDebug' as it is up-to-date.

> Task :app:processDebugManifest
Caching disabled for task ':app:processDebugManifest' because:
  Build cache is disabled
Task ':app:processDebugManifest' is not up-to-date because:
  Input property 'mainMergedManifest' file C:\Users\vbant\AndroidStudioProjects\ManoMitra\app\build\intermediates\merged_manifest\debug\processDebugMainManifest\AndroidManifest.xml has changed.
Resolve mutations for :app:processDebugManifestForPackage (Thread[Execution worker Thread 2,5,main]) started.
:app:processDebugManifestForPackage (Thread[Execution worker Thread 2,5,main]) started.

> Task :app:processDebugManifestForPackage
Caching disabled for task ':app:processDebugManifestForPackage' because:
  Build cache is disabled
Task ':app:processDebugManifestForPackage' is not up-to-date because:
  Input property 'mergedManifests' file C:\Users\vbant\AndroidStudioProjects\ManoMitra\app\build\intermediates\merged_manifests\debug\processDebugManifest\AndroidManifest.xml has changed.

> Task :app:packageDebugResources FAILED
Caching disabled for task ':app:packageDebugResources' because:
  Build cache is disabled
Task ':app:packageDebugResources' is not up-to-date because:
  Task has failed previously.
The input changes require a full rebuild for incremental task ':app:packageDebugResources'.
[MergeResources] Inputs are non-incremental full task action.
./gradlew : [Fatal Error] 
activity_learn.xml:73:51: The entity 
name must immediately follow the '&' in 
the entity reference.
At line:1 char:1
+ ./gradlew assembleDebug --info > 
build_output.txt 2>&1
+ ~~~~~~~~~~~~~~~~~~~~~~~~~~~~~~~~~~~~~~
~~~~~~~~~~~~~~~~
    + CategoryInfo          : NotSpecif 
   ied: ([Fatal Error] a...tity refere  
  nce.:String) [], RemoteException
    + FullyQualifiedErrorId : NativeCom 
   mandError
 
ERROR: C:\Users\vbant\AndroidStudioProje
cts\ManoMitra\app\src\main\res\layout\ac
tivity_learn.xml:73:51: Resource and 
asset merger: The entity name must 
immediately follow the '&' in the 
entity reference.
    org.xml.sax.SAXParseException; 
systemId: file:/C:/Users/vbant/AndroidSt
udioProjects/ManoMitra/app/src/main/res/
layout/activity_learn.xml; lineNumber: 
73; columnNumber: 51; The entity name 
must immediately follow the '&' in the 
entity reference.
    	at java.xml/com.sun.org.apache.xerc
es.internal.parsers.DOMParser.parse(DOMP
arser.java:262)
    	at java.xml/com.sun.org.apache.xerc
es.internal.jaxp.DocumentBuilderImpl.par
se(DocumentBuilderImpl.java:342)
    	at java.xml/javax.xml.parsers.Docum
entBuilder.parse(DocumentBuilder.java:20
6)
    	at android.databinding.tool.store.L
ayoutFileParser.stripFile(LayoutFilePars
er.java:469)
    	at android.databinding.tool.store.L
ayoutFileParser.parseXml(LayoutFileParse
r.java:97)
    	at android.databinding.tool.LayoutX
mlProcessor.processSingleFile(LayoutXmlP
rocessor.java:161)
    	at com.android.build.gradle.tasks.M
ergeResources$maybeCreateLayoutProcessor
$1.processSingleFile(MergeResources.kt:6
34)
    	at com.android.ide.common.resources
.MergedResourceWriter.end(MergedResource
Writer.java:248)
    	at com.android.ide.common.resources
.DataMerger.mergeData(DataMerger.java:29
9)
    	at com.android.ide.common.resources
.ResourceMerger.mergeData(ResourceMerger
.java:391)
    	at com.android.build.gradle.tasks.M
ergeResources$doFullTaskAction$1$1$2.inv
oke(MergeResources.kt:308)
    	at com.android.build.gradle.interna
l.tasks.Blocks.recordSpan(Blocks.java:51
)
    	at com.android.build.gradle.tasks.M
ergeResources.doFullTaskAction(MergeReso
urces.kt:304)
    	at com.android.build.gradle.tasks.M
ergeResources.doTaskAction(MergeResource
s.kt:360)
    	at com.android.build.gradle.interna
l.tasks.NewIncrementalTask$taskAction$$i
nlined$recordTaskAction$1.invoke(BaseTas
k.kt:82)
    	at com.android.build.gradle.interna
l.tasks.Blocks.recordSpan(Blocks.java:51
)
    	at com.android.build.gradle.interna
l.tasks.NewIncrementalTask.taskAction(Ne
wIncrementalTask.kt:46)
    	at java.base/jdk.internal.reflect.N
ativeMethodAccessorImpl.invoke0(Native 
Method)
    	at java.base/jdk.internal.reflect.N
ativeMethodAccessorImpl.invoke(NativeMet
hodAccessorImpl.java:77)
    	at java.base/jdk.internal.reflect.D
elegatingMethodAccessorImpl.invoke(Deleg
atingMethodAccessorImpl.java:43)
    	at java.base/java.lang.reflect.Meth
od.invoke(Method.java:569)
    	at org.gradle.internal.reflect.Java
Method.invoke(JavaMethod.java:125)
    	at org.gradle.api.internal.project.
taskfactory.IncrementalTaskAction.doExec
ute(IncrementalTaskAction.java:45)
    	at org.gradle.api.internal.project.
taskfactory.StandardTaskAction.execute(S
tandardTaskAction.java:51)
    	at org.gradle.api.internal.project.
taskfactory.IncrementalTaskAction.execut
e(IncrementalTaskAction.java:26)
    	at org.gradle.api.internal.project.
taskfactory.StandardTaskAction.execute(S
tandardTaskAction.java:29)
    	at org.gradle.api.internal.tasks.ex
ecution.TaskExecution$3.run(TaskExecutio
n.java:244)
    	at org.gradle.internal.operations.D
efaultBuildOperationRunner$1.execute(Def
aultBuildOperationRunner.java:30)
    	at org.gradle.internal.operations.D
efaultBuildOperationRunner$1.execute(Def
aultBuildOperationRunner.java:27)
    	at org.gradle.internal.operations.D
efaultBuildOperationRunner$2.execute(Def
aultBuildOperationRunner.java:67)
    	at org.gradle.internal.operations.D
efaultBuildOperationRunner$2.execute(Def
aultBuildOperationRunner.java:60)
    	at org.gradle.internal.operations.D
efaultBuildOperationRunner.execute(Defau
ltBuildOperationRunner.java:167)
    	at org.gradle.internal.operations.D
efaultBuildOperationRunner.execute(Defau
ltBuildOperationRunner.java:60)
    	at org.gradle.internal.operations.D
efaultBuildOperationRunner.run(DefaultBu
ildOperationRunner.java:48)
    	at org.gradle.api.internal.tasks.ex
ecution.TaskExecution.executeAction(Task
Execution.java:229)
    	at org.gradle.api.internal.tasks.ex
ecution.TaskExecution.executeActions(Tas
kExecution.java:212)
    	at org.gradle.api.internal.tasks.ex
ecution.TaskExecution.executeWithPreviou
sOutputFiles(TaskExecution.java:195)
    	at org.gradle.api.internal.tasks.ex
ecution.TaskExecution.execute(TaskExecut
ion.java:162)
    	at org.gradle.internal.execution.st
eps.ExecuteStep.executeInternal(ExecuteS
tep.java:105)
    	at org.gradle.internal.execution.st
eps.ExecuteStep.access$000(ExecuteStep.j
ava:44)
    	at org.gradle.internal.execution.st
eps.ExecuteStep$1.call(ExecuteStep.java:
59)
    	at org.gradle.internal.execution.st
eps.ExecuteStep$1.call(ExecuteStep.java:
56)
    	at org.gradle.internal.operations.D
efaultBuildOperationRunner$CallableBuild
OperationWorker.execute(DefaultBuildOper
ationRunner.java:210)
    	at org.gradle.internal.operations.D
efaultBuildOperationRunner$CallableBuild
OperationWorker.execute(DefaultBuildOper
ationRunner.java:205)
    	at org.gradle.internal.operations.D
efaultBuildOperationRunner$2.execute(Def
aultBuildOperationRunner.java:67)
    	at org.gradle.internal.operations.D
efaultBuildOperationRunner$2.execute(Def
aultBuildOperationRunner.java:60)
    	at org.gradle.internal.operations.D
efaultBuildOperationRunner.execute(Defau
ltBuildOperationRunner.java:167)
    	at org.gradle.internal.operations.D
efaultBuildOperationRunner.execute(Defau
ltBuildOperationRunner.java:60)
    	at org.gradle.internal.operations.D
efaultBuildOperationRunner.call(DefaultB
uildOperationRunner.java:54)
    	at org.gradle.internal.execution.st
eps.ExecuteStep.execute(ExecuteStep.java
:56)
    	at org.gradle.internal.execution.st
eps.ExecuteStep.execute(ExecuteStep.java
:44)
    	at org.gradle.internal.execution.st
eps.CancelExecutionStep.execute(CancelEx
ecutionStep.java:42)
    	at org.gradle.internal.execution.st
eps.TimeoutStep.executeWithoutTimeout(Ti
meoutStep.java:75)
    	at org.gradle.internal.execution.st
eps.TimeoutStep.execute(TimeoutStep.java
:55)
    	at org.gradle.internal.execution.st
eps.PreCreateOutputParentsStep.execute(P
reCreateOutputParentsStep.java:50)
    	at org.gradle.internal.execution.st
eps.PreCreateOutputParentsStep.execute(P
reCreateOutputParentsStep.java:28)
    	at org.gradle.internal.execution.st
eps.RemovePreviousOutputsStep.execute(Re
movePreviousOutputsStep.java:67)
    	at org.gradle.internal.execution.st
eps.RemovePreviousOutputsStep.execute(Re
movePreviousOutputsStep.java:37)
    	at org.gradle.internal.execution.st
eps.BroadcastChangingOutputsStep.execute
(BroadcastChangingOutputsStep.java:61)
    	at org.gradle.internal.execution.st
eps.BroadcastChangingOutputsStep.execute
(BroadcastChangingOutputsStep.java:26)
    	at org.gradle.internal.execution.st
eps.CaptureOutputsAfterExecutionStep.exe
cute(CaptureOutputsAfterExecutionStep.ja
va:69)
    	at org.gradle.internal.execution.st
eps.CaptureOutputsAfterExecutionStep.exe
cute(CaptureOutputsAfterExecutionStep.ja
va:46)
    	at org.gradle.internal.execution.st
eps.ResolveInputChangesStep.execute(Reso
lveInputChangesStep.java:40)
    	at org.gradle.internal.execution.st
eps.ResolveInputChangesStep.execute(Reso
lveInputChangesStep.java:29)
    	at org.gradle.internal.execution.st
eps.BuildCacheStep.executeWithoutCache(B
uildCacheStep.java:189)
    	at org.gradle.internal.execution.st
eps.BuildCacheStep.lambda$execute$1(Buil
dCacheStep.java:75)
    	at org.gradle.internal.Either$Right
.fold(Either.java:175)
    	at org.gradle.internal.execution.ca
ching.CachingState.fold(CachingState.jav
a:62)
    	at org.gradle.internal.execution.st
eps.BuildCacheStep.execute(BuildCacheSte
p.java:73)
    	at org.gradle.internal.execution.st
eps.BuildCacheStep.execute(BuildCacheSte
p.java:48)
    	at org.gradle.internal.execution.st
eps.StoreExecutionStateStep.execute(Stor
eExecutionStateStep.java:46)
    	at org.gradle.internal.execution.st
eps.StoreExecutionStateStep.execute(Stor
eExecutionStateStep.java:35)
    	at org.gradle.internal.execution.st
eps.SkipUpToDateStep.executeBecause(Skip
UpToDateStep.java:75)
    	at org.gradle.internal.execution.st
eps.SkipUpToDateStep.lambda$execute$2(Sk
ipUpToDateStep.java:53)
    	at java.base/java.util.Optional.orE
lseGet(Optional.java:364)
    	at org.gradle.internal.execution.st
eps.SkipUpToDateStep.execute(SkipUpToDat
eStep.java:53)
    	at org.gradle.internal.execution.st
eps.SkipUpToDateStep.execute(SkipUpToDat
eStep.java:35)
    	at org.gradle.internal.execution.st
eps.legacy.MarkSnapshottingInputsFinishe
dStep.execute(MarkSnapshottingInputsFini
shedStep.java:37)
    	at org.gradle.internal.execution.st
eps.legacy.MarkSnapshottingInputsFinishe
dStep.execute(MarkSnapshottingInputsFini
shedStep.java:27)
    	at org.gradle.internal.execution.st
eps.ResolveIncrementalCachingStateStep.e
xecuteDelegate(ResolveIncrementalCaching
StateStep.java:49)
    	at org.gradle.internal.execution.st
eps.ResolveIncrementalCachingStateStep.e
xecuteDelegate(ResolveIncrementalCaching
StateStep.java:27)
    	at org.gradle.internal.execution.st
eps.AbstractResolveCachingStateStep.exec
ute(AbstractResolveCachingStateStep.java
:71)
    	at org.gradle.internal.execution.st
eps.AbstractResolveCachingStateStep.exec
ute(AbstractResolveCachingStateStep.java
:39)
    	at org.gradle.internal.execution.st
eps.ResolveChangesStep.execute(ResolveCh
angesStep.java:65)
    	at org.gradle.internal.execution.st
eps.ResolveChangesStep.execute(ResolveCh
angesStep.java:36)
    	at org.gradle.internal.execution.st
eps.ValidateStep.execute(ValidateStep.ja
va:107)
    	at org.gradle.internal.execution.st
eps.ValidateStep.execute(ValidateStep.ja
va:56)
    	at org.gradle.internal.execution.st
eps.AbstractCaptureStateBeforeExecutionS
tep.execute(AbstractCaptureStateBeforeEx
ecutionStep.java:64)
    	at org.gradle.internal.execution.st
eps.AbstractCaptureStateBeforeExecutionS
tep.execute(AbstractCaptureStateBeforeEx
ecutionStep.java:43)
    	at org.gradle.internal.execution.st
eps.AbstractSkipEmptyWorkStep.executeWit
hNonEmptySources(AbstractSkipEmptyWorkSt
ep.java:125)
    	at org.gradle.internal.execution.st
eps.AbstractSkipEmptyWorkStep.execute(Ab
stractSkipEmptyWorkStep.java:56)
    	at org.gradle.internal.execution.st
eps.AbstractSkipEmptyWorkStep.execute(Ab
stractSkipEmptyWorkStep.java:36)
    	at org.gradle.internal.execution.st
eps.legacy.MarkSnapshottingInputsStarted
Step.execute(MarkSnapshottingInputsStart
edStep.java:38)
    	at org.gradle.internal.execution.st
eps.LoadPreviousExecutionStateStep.execu
te(LoadPreviousExecutionStateStep.java:3
6)
    	at org.gradle.internal.execution.st
eps.LoadPreviousExecutionStateStep.execu
te(LoadPreviousExecutionStateStep.java:2
3)
    	at org.gradle.internal.execution.st
eps.HandleStaleOutputsStep.execute(Handl
eStaleOutputsStep.java:75)
    	at org.gradle.internal.execution.st
eps.HandleStaleOutputsStep.execute(Handl
eStaleOutputsStep.java:41)
    	at org.gradle.internal.execution.st
eps.AssignMutableWorkspaceStep.lambda$ex
ecute$0(AssignMutableWorkspaceStep.java:
35)
    	at org.gradle.api.internal.tasks.ex
ecution.TaskExecution$4.withWorkspace(Ta
skExecution.java:289)
    	at org.gradle.internal.execution.st
eps.AssignMutableWorkspaceStep.execute(A
ssignMutableWorkspaceStep.java:31)
    	at org.gradle.internal.execution.st
eps.AssignMutableWorkspaceStep.execute(A
ssignMutableWorkspaceStep.java:22)
    	at org.gradle.internal.execution.st
eps.ChoosePipelineStep.execute(ChoosePip
elineStep.java:40)
    	at org.gradle.internal.execution.st
eps.ChoosePipelineStep.execute(ChoosePip
elineStep.java:23)
    	at org.gradle.internal.execution.st
eps.ExecuteWorkBuildOperationFiringStep.
lambda$execute$2(ExecuteWorkBuildOperati
onFiringStep.java:67)
    	at java.base/java.util.Optional.orE
lseGet(Optional.java:364)
    	at org.gradle.internal.execution.st
eps.ExecuteWorkBuildOperationFiringStep.
execute(ExecuteWorkBuildOperationFiringS
tep.java:67)
    	at org.gradle.internal.execution.st
eps.ExecuteWorkBuildOperationFiringStep.
execute(ExecuteWorkBuildOperationFiringS
tep.java:39)
    	at org.gradle.internal.execution.st
eps.IdentityCacheStep.execute(IdentityCa
cheStep.java:46)
    	at org.gradle.internal.execution.st
eps.IdentityCacheStep.execute(IdentityCa
cheStep.java:34)
    	at org.gradle.internal.execution.st
eps.IdentifyStep.execute(IdentifyStep.ja
va:48)
    	at org.gradle.internal.execution.st
eps.IdentifyStep.execute(IdentifyStep.ja
va:35)
    	at org.gradle.internal.execution.im
pl.DefaultExecutionEngine$1.execute(Defa
ultExecutionEngine.java:61)
    	at org.gradle.api.internal.tasks.ex
ecution.ExecuteActionsTaskExecuter.execu
teIfValid(ExecuteActionsTaskExecuter.jav
a:127)
    	at org.gradle.api.internal.tasks.ex
ecution.ExecuteActionsTaskExecuter.execu
te(ExecuteActionsTaskExecuter.java:116)
    	at org.gradle.api.internal.tasks.ex
ecution.ProblemsTaskPathTrackingTaskExec
uter.execute(ProblemsTaskPathTrackingTas
kExecuter.java:40)
    	at org.gradle.api.internal.tasks.ex
ecution.FinalizePropertiesTaskExecuter.e
xecute(FinalizePropertiesTaskExecuter.ja
va:46)
    	at org.gradle.api.internal.tasks.ex
ecution.ResolveTaskExecutionModeExecuter
.execute(ResolveTaskExecutionModeExecute
r.java:51)
    	at org.gradle.api.internal.tasks.ex
ecution.SkipTaskWithNoActionsExecuter.ex
ecute(SkipTaskWithNoActionsExecuter.java
:57)
    	at org.gradle.api.internal.tasks.ex
ecution.SkipOnlyIfTaskExecuter.execute(S
kipOnlyIfTaskExecuter.java:74)
    	at org.gradle.api.internal.tasks.ex
ecution.CatchExceptionTaskExecuter.execu
te(CatchExceptionTaskExecuter.java:36)
    	at org.gradle.api.internal.tasks.ex
ecution.EventFiringTaskExecuter$1.execut
eTask(EventFiringTaskExecuter.java:77)
    	at org.gradle.api.internal.tasks.ex
ecution.EventFiringTaskExecuter$1.call(E
ventFiringTaskExecuter.java:55)
    	at org.gradle.api.internal.tasks.ex
ecution.EventFiringTaskExecuter$1.call(E
ventFiringTaskExecuter.java:52)
    	at org.gradle.internal.operations.D
efaultBuildOperationRunner$CallableBuild
OperationWorker.execute(DefaultBuildOper
ationRunner.java:210)
    	at org.gradle.internal.operations.D
efaultBuildOperationRunner$CallableBuild
OperationWorker.execute(DefaultBuildOper
ationRunner.java:205)
    	at org.gradle.internal.operations.D
efaultBuildOperationRunner$2.execute(Def
aultBuildOperationRunner.java:67)
    	at org.gradle.internal.operations.D
efaultBuildOperationRunner$2.execute(Def
aultBuildOperationRunner.java:60)

> Task :app:mergeDebugResources
Caching disabled for task ':app:mergeDebugResources' because:
  Build cache is disabled
Task ':app:mergeDebugResources' is not up-to-date because:
  Task has failed previously.
The input changes require a full rebuild for incremental task ':app:mergeDebugResources'.
[MergeResources] Inputs are non-incremental full task action.
    	at org.gradle.internal.operations.D
efaultBuildOperationRunner.execute(Defau
ltBuildOperationRunner.java:167)
    	at org.gradle.internal.operations.D
efaultBuildOperationRunner.execute(Defau
ltBuildOperationRunner.java:60)
    	at org.gradle.internal.operations.D
efaultBuildOperationRunner.call(DefaultB
uildOperationRunner.java:54)
    	at org.gradle.api.internal.tasks.ex
ecution.EventFiringTaskExecuter.execute(
EventFiringTaskExecuter.java:52)
    	at org.gradle.execution.plan.LocalT
askNodeExecutor.execute(LocalTaskNodeExe
cutor.java:42)
    	at org.gradle.execution.taskgraph.D
efaultTaskExecutionGraph$InvokeNodeExecu
torsAction.execute(DefaultTaskExecutionG
raph.java:331)
    	at org.gradle.execution.taskgraph.D
efaultTaskExecutionGraph$InvokeNodeExecu
torsAction.execute(DefaultTaskExecutionG
raph.java:318)
    	at org.gradle.execution.taskgraph.D
efaultTaskExecutionGraph$BuildOperationA
wareExecutionAction.lambda$execute$0(Def
aultTaskExecutionGraph.java:314)
    	at org.gradle.internal.operations.C
urrentBuildOperationRef.with(CurrentBuil
dOperationRef.java:85)
    	at org.gradle.execution.taskgraph.D
efaultTaskExecutionGraph$BuildOperationA
wareExecutionAction.execute(DefaultTaskE
xecutionGraph.java:314)
    	at org.gradle.execution.taskgraph.D
efaultTaskExecutionGraph$BuildOperationA
wareExecutionAction.execute(DefaultTaskE
xecutionGraph.java:303)
    	at org.gradle.execution.plan.Defaul
tPlanExecutor$ExecutorWorker.execute(Def
aultPlanExecutor.java:459)
    	at org.gradle.execution.plan.Defaul
tPlanExecutor$ExecutorWorker.run(Default
PlanExecutor.java:376)
    	at org.gradle.internal.concurrent.E
xecutorPolicy$CatchAndRecordFailures.onE
xecute(ExecutorPolicy.java:64)
    	at org.gradle.internal.concurrent.A
bstractManagedExecutor$1.run(AbstractMan
agedExecutor.java:48)
    	at java.base/java.util.concurrent.T
hreadPoolExecutor.runWorker(ThreadPoolEx
ecutor.java:1136)
    	at java.base/java.util.concurrent.T
hreadPoolExecutor$Worker.run(ThreadPoolE
xecutor.java:635)
    	at java.base/java.lang.Thread.run(T
hread.java:840)
    
[Fatal Error] activity_learn.xml:73:51: 
The entity name must immediately follow 
the '&' in the entity reference.
ERROR: C:\Users\vbant\AndroidStudioProje
cts\ManoMitra\app\src\main\res\layout\ac
tivity_learn.xml:73:51: Resource and 
asset merger: The entity name must 
immediately follow the '&' in the 
entity reference.
    org.xml.sax.SAXParseException; 
systemId: file:/C:/Users/vbant/AndroidSt
udioProjects/ManoMitra/app/src/main/res/
layout/activity_learn.xml; lineNumber: 
73; columnNumber: 51; The entity name 
must immediately follow the '&' in the 
entity reference.
    	at java.xml/com.sun.org.apache.xerc
es.internal.parsers.DOMParser.parse(DOMP
arser.java:262)
    	at java.xml/com.sun.org.apache.xerc
es.internal.jaxp.DocumentBuilderImpl.par
se(DocumentBuilderImpl.java:342)
    	at java.xml/javax.xml.parsers.Docum
entBuilder.parse(DocumentBuilder.java:20
6)
    	at android.databinding.tool.store.L
ayoutFileParser.stripFile(LayoutFilePars
er.java:469)
    	at android.databinding.tool.store.L
ayoutFileParser.parseXml(LayoutFileParse
r.java:97)
    	at android.databinding.tool.LayoutX
mlProcessor.processSingleFile(LayoutXmlP
rocessor.java:161)
    	at com.android.build.gradle.tasks.M
ergeResources$maybeCreateLayoutProcessor
$1.processSingleFile(MergeResources.kt:6
34)
    	at com.android.ide.common.resources
.MergedResourceWriter.end(MergedResource
Writer.java:248)
    	at com.android.ide.common.resources
.DataMerger.mergeData(DataMerger.java:29
9)
    	at com.android.ide.common.resources
.ResourceMerger.mergeData(ResourceMerger
.java:391)
    	at com.android.build.gradle.tasks.M
ergeResources$doFullTaskAction$1$1$2.inv
oke(MergeResources.kt:308)
    	at com.android.build.gradle.interna
l.tasks.Blocks.recordSpan(Blocks.java:51
)
    	at com.android.build.gradle.tasks.M
ergeResources.doFullTaskAction(MergeReso
urces.kt:304)
    	at com.android.build.gradle.tasks.M
ergeResources.doTaskAction(MergeResource
s.kt:360)
    	at com.android.build.gradle.interna
l.tasks.NewIncrementalTask$taskAction$$i
nlined$recordTaskAction$1.invoke(BaseTas
k.kt:82)
    	at com.android.build.gradle.interna
l.tasks.Blocks.recordSpan(Blocks.java:51
)
    	at com.android.build.gradle.interna
l.tasks.NewIncrementalTask.taskAction(Ne
wIncrementalTask.kt:46)
    	at java.base/jdk.internal.reflect.N
ativeMethodAccessorImpl.invoke0(Native 
Method)
    	at java.base/jdk.internal.reflect.N
ativeMethodAccessorImpl.invoke(NativeMet
hodAccessorImpl.java:77)
    	at java.base/jdk.internal.reflect.D
elegatingMethodAccessorImpl.invoke(Deleg
atingMethodAccessorImpl.java:43)
    	at java.base/java.lang.reflect.Meth
od.invoke(Method.java:569)
    	at org.gradle.internal.reflect.Java
Method.invoke(JavaMethod.java:125)
    	at org.gradle.api.internal.project.
taskfactory.IncrementalTaskAction.doExec
ute(IncrementalTaskAction.java:45)
    	at org.gradle.api.internal.project.
taskfactory.StandardTaskAction.execute(S
tandardTaskAction.java:51)
    	at org.gradle.api.internal.project.
taskfactory.IncrementalTaskAction.execut
e(IncrementalTaskAction.java:26)
    	at org.gradle.api.internal.project.
taskfactory.StandardTaskAction.execute(S
tandardTaskAction.java:29)
    	at org.gradle.api.internal.tasks.ex
ecution.TaskExecution$3.run(TaskExecutio
n.java:244)
    	at org.gradle.internal.operations.D
efaultBuildOperationRunner$1.execute(Def
aultBuildOperationRunner.java:30)
    	at org.gradle.internal.operations.D
efaultBuildOperationRunner$1.execute(Def
aultBuildOperationRunner.java:27)
    	at org.gradle.internal.operations.D
efaultBuildOperationRunner$2.execute(Def
aultBuildOperationRunner.java:67)
    	at org.gradle.internal.operations.D
efaultBuildOperationRunner$2.execute(Def
aultBuildOperationRunner.java:60)
    	at org.gradle.internal.operations.D
efaultBuildOperationRunner.execute(Defau
ltBuildOperationRunner.java:167)
    	at org.gradle.internal.operations.D
efaultBuildOperationRunner.execute(Defau
ltBuildOperationRunner.java:60)
    	at org.gradle.internal.operations.D
efaultBuildOperationRunner.run(DefaultBu
ildOperationRunner.java:48)
    	at org.gradle.api.internal.tasks.ex
ecution.TaskExecution.executeAction(Task
Execution.java:229)
    	at org.gradle.api.internal.tasks.ex
ecution.TaskExecution.executeActions(Tas
kExecution.java:212)
    	at org.gradle.api.internal.tasks.ex
ecution.TaskExecution.executeWithPreviou
sOutputFiles(TaskExecution.java:195)
    	at org.gradle.api.internal.tasks.ex
ecution.TaskExecution.execute(TaskExecut
ion.java:162)
    	at org.gradle.internal.execution.st
eps.ExecuteStep.executeInternal(ExecuteS
tep.java:105)
    	at org.gradle.internal.execution.st
eps.ExecuteStep.access$000(ExecuteStep.j
ava:44)
    	at org.gradle.internal.execution.st
eps.ExecuteStep$1.call(ExecuteStep.java:
59)
    	at org.gradle.internal.execution.st
eps.ExecuteStep$1.call(ExecuteStep.java:
56)
    	at org.gradle.internal.operations.D
efaultBuildOperationRunner$CallableBuild
OperationWorker.execute(DefaultBuildOper
ationRunner.java:210)
    	at org.gradle.internal.operations.D
efaultBuildOperationRunner$CallableBuild
OperationWorker.execute(DefaultBuildOper
ationRunner.java:205)
    	at org.gradle.internal.operations.D
efaultBuildOperationRunner$2.execute(Def
aultBuildOperationRunner.java:67)
    	at org.gradle.internal.operations.D
efaultBuildOperationRunner$2.execute(Def
aultBuildOperationRunner.java:60)
    	at org.gradle.internal.operations.D
efaultBuildOperationRunner.execute(Defau
ltBuildOperationRunner.java:167)
    	at org.gradle.internal.operations.D
efaultBuildOperationRunner.execute(Defau
ltBuildOperationRunner.java:60)
    	at org.gradle.internal.operations.D
efaultBuildOperationRunner.call(DefaultB
uildOperationRunner.java:54)
    	at org.gradle.internal.execution.st
eps.ExecuteStep.execute(ExecuteStep.java
:56)
    	at org.gradle.internal.execution.st
eps.ExecuteStep.execute(ExecuteStep.java
:44)
    	at org.gradle.internal.execution.st
eps.CancelExecutionStep.execute(CancelEx
ecutionStep.java:42)
    	at org.gradle.internal.execution.st
eps.TimeoutStep.executeWithoutTimeout(Ti
meoutStep.java:75)
    	at org.gradle.internal.execution.st
eps.TimeoutStep.execute(TimeoutStep.java
:55)
    	at org.gradle.internal.execution.st
eps.PreCreateOutputParentsStep.execute(P
reCreateOutputParentsStep.java:50)
    	at org.gradle.internal.execution.st
eps.PreCreateOutputParentsStep.execute(P
reCreateOutputParentsStep.java:28)
    	at org.gradle.internal.execution.st
eps.RemovePreviousOutputsStep.execute(Re
movePreviousOutputsStep.java:67)
    	at org.gradle.internal.execution.st
eps.RemovePreviousOutputsStep.execute(Re
movePreviousOutputsStep.java:37)
    	at org.gradle.internal.execution.st
eps.BroadcastChangingOutputsStep.execute
(BroadcastChangingOutputsStep.java:61)
    	at org.gradle.internal.execution.st
eps.BroadcastChangingOutputsStep.execute
(BroadcastChangingOutputsStep.java:26)
    	at org.gradle.internal.execution.st
eps.CaptureOutputsAfterExecutionStep.exe
cute(CaptureOutputsAfterExecutionStep.ja
va:69)
    	at org.gradle.internal.execution.st
eps.CaptureOutputsAfterExecutionStep.exe
cute(CaptureOutputsAfterExecutionStep.ja
va:46)
    	at org.gradle.internal.execution.st
eps.ResolveInputChangesStep.execute(Reso
lveInputChangesStep.java:40)
    	at org.gradle.internal.execution.st
eps.ResolveInputChangesStep.execute(Reso
lveInputChangesStep.java:29)
    	at org.gradle.internal.execution.st
eps.BuildCacheStep.executeWithoutCache(B
uildCacheStep.java:189)
    	at org.gradle.internal.execution.st
eps.BuildCacheStep.lambda$execute$1(Buil
dCacheStep.java:75)
    	at org.gradle.internal.Either$Right
.fold(Either.java:175)
    	at org.gradle.internal.execution.ca
ching.CachingState.fold(CachingState.jav
a:62)
    	at org.gradle.internal.execution.st
eps.BuildCacheStep.execute(BuildCacheSte
p.java:73)
    	at org.gradle.internal.execution.st
eps.BuildCacheStep.execute(BuildCacheSte
p.java:48)
    	at org.gradle.internal.execution.st
eps.StoreExecutionStateStep.execute(Stor
eExecutionStateStep.java:46)
    	at org.gradle.internal.execution.st
eps.StoreExecutionStateStep.execute(Stor
eExecutionStateStep.java:35)
    	at org.gradle.internal.execution.st
eps.SkipUpToDateStep.executeBecause(Skip
UpToDateStep.java:75)
    	at org.gradle.internal.execution.st
eps.SkipUpToDateStep.lambda$execute$2(Sk
ipUpToDateStep.java:53)
    	at java.base/java.util.Optional.orE
lseGet(Optional.java:364)
    	at org.gradle.internal.execution.st
eps.SkipUpToDateStep.execute(SkipUpToDat
eStep.java:53)
    	at org.gradle.internal.execution.st
eps.SkipUpToDateStep.execute(SkipUpToDat
eStep.java:35)
    	at org.gradle.internal.execution.st
eps.legacy.MarkSnapshottingInputsFinishe
dStep.execute(MarkSnapshottingInputsFini
shedStep.java:37)
    	at org.gradle.internal.execution.st
eps.legacy.MarkSnapshottingInputsFinishe
dStep.execute(MarkSnapshottingInputsFini
shedStep.java:27)
    	at org.gradle.internal.execution.st
eps.ResolveIncrementalCachingStateStep.e
xecuteDelegate(ResolveIncrementalCaching
StateStep.java:49)
    	at org.gradle.internal.execution.st
eps.ResolveIncrementalCachingStateStep.e
xecuteDelegate(ResolveIncrementalCaching
StateStep.java:27)
    	at org.gradle.internal.execution.st
eps.AbstractResolveCachingStateStep.exec
ute(AbstractResolveCachingStateStep.java
:71)
    	at org.gradle.internal.execution.st
eps.AbstractResolveCachingStateStep.exec
ute(AbstractResolveCachingStateStep.java
:39)
    	at org.gradle.internal.execution.st
eps.ResolveChangesStep.execute(ResolveCh
angesStep.java:65)
    	at org.gradle.internal.execution.st
eps.ResolveChangesStep.execute(ResolveCh
angesStep.java:36)
    	at org.gradle.internal.execution.st
eps.ValidateStep.execute(ValidateStep.ja
va:107)
    	at org.gradle.internal.execution.st
eps.ValidateStep.execute(ValidateStep.ja
va:56)
    	at org.gradle.internal.execution.st
eps.AbstractCaptureStateBeforeExecutionS
tep.execute(AbstractCaptureStateBeforeEx
ecutionStep.java:64)
    	at org.gradle.internal.execution.st
eps.AbstractCaptureStateBeforeExecutionS
tep.execute(AbstractCaptureStateBeforeEx
ecutionStep.java:43)
    	at org.gradle.internal.execution.st
eps.AbstractSkipEmptyWorkStep.executeWit
hNonEmptySources(AbstractSkipEmptyWorkSt
ep.java:125)
    	at org.gradle.internal.execution.st
eps.AbstractSkipEmptyWorkStep.execute(Ab
stractSkipEmptyWorkStep.java:56)
    	at org.gradle.internal.execution.st
eps.AbstractSkipEmptyWorkStep.execute(Ab
stractSkipEmptyWorkStep.java:36)
    	at org.gradle.internal.execution.st
eps.legacy.MarkSnapshottingInputsStarted
Step.execute(MarkSnapshottingInputsStart
edStep.java:38)
    	at org.gradle.internal.execution.st
eps.LoadPreviousExecutionStateStep.execu
te(LoadPreviousExecutionStateStep.java:3
6)
    	at org.gradle.internal.execution.st
eps.LoadPreviousExecutionStateStep.execu
te(LoadPreviousExecutionStateStep.java:2
3)
    	at org.gradle.internal.execution.st
eps.HandleStaleOutputsStep.execute(Handl
eStaleOutputsStep.java:75)
    	at org.gradle.internal.execution.st
eps.HandleStaleOutputsStep.execute(Handl
eStaleOutputsStep.java:41)
    	at org.gradle.internal.execution.st
eps.AssignMutableWorkspaceStep.lambda$ex
ecute$0(AssignMutableWorkspaceStep.java:
35)
    	at org.gradle.api.internal.tasks.ex
ecution.TaskExecution$4.withWorkspace(Ta
skExecution.java:289)
    	at org.gradle.internal.execution.st
eps.AssignMutableWorkspaceStep.execute(A
ssignMutableWorkspaceStep.java:31)
    	at org.gradle.internal.execution.st
eps.AssignMutableWorkspaceStep.execute(A
ssignMutableWorkspaceStep.java:22)
    	at org.gradle.internal.execution.st
eps.ChoosePipelineStep.execute(ChoosePip
elineStep.java:40)
    	at org.gradle.internal.execution.st
eps.ChoosePipelineStep.execute(ChoosePip
elineStep.java:23)
    	at org.gradle.internal.execution.st
eps.ExecuteWorkBuildOperationFiringStep.
lambda$execute$2(ExecuteWorkBuildOperati
onFiringStep.java:67)
    	at java.base/java.util.Optional.orE
lseGet(Optional.java:364)
    	at org.gradle.internal.execution.st
eps.ExecuteWorkBuildOperationFiringStep.
execute(ExecuteWorkBuildOperationFiringS
tep.java:67)
    	at org.gradle.internal.execution.st
eps.ExecuteWorkBuildOperationFiringStep.
execute(ExecuteWorkBuildOperationFiringS
tep.java:39)
    	at org.gradle.internal.execution.st
eps.IdentityCacheStep.execute(IdentityCa
cheStep.java:46)
    	at org.gradle.internal.execution.st
eps.IdentityCacheStep.execute(IdentityCa
cheStep.java:34)
    	at org.gradle.internal.execution.st
eps.IdentifyStep.execute(IdentifyStep.ja
va:48)
    	at org.gradle.internal.execution.st
eps.IdentifyStep.execute(IdentifyStep.ja
va:35)
    	at org.gradle.internal.execution.im
pl.DefaultExecutionEngine$1.execute(Defa
ultExecutionEngine.java:61)
    	at org.gradle.api.internal.tasks.ex
ecution.ExecuteActionsTaskExecuter.execu
teIfValid(ExecuteActionsTaskExecuter.jav
a:127)
    	at org.gradle.api.internal.tasks.ex
ecution.ExecuteActionsTaskExecuter.execu
te(ExecuteActionsTaskExecuter.java:116)
    	at org.gradle.api.internal.tasks.ex
ecution.ProblemsTaskPathTrackingTaskExec
uter.execute(ProblemsTaskPathTrackingTas
kExecuter.java:40)
    	at org.gradle.api.internal.tasks.ex
ecution.FinalizePropertiesTaskExecuter.e
xecute(FinalizePropertiesTaskExecuter.ja
va:46)
    	at org.gradle.api.internal.tasks.ex
ecution.ResolveTaskExecutionModeExecuter
.execute(ResolveTaskExecutionModeExecute
r.java:51)
    	at org.gradle.api.internal.tasks.ex
ecution.SkipTaskWithNoActionsExecuter.ex
ecute(SkipTaskWithNoActionsExecuter.java
:57)
    	at org.gradle.api.internal.tasks.ex
ecution.SkipOnlyIfTaskExecuter.execute(S
kipOnlyIfTaskExecuter.java:74)
    	at org.gradle.api.internal.tasks.ex
ecution.CatchExceptionTaskExecuter.execu
te(CatchExceptionTaskExecuter.java:36)
    	at org.gradle.api.internal.tasks.ex
ecution.EventFiringTaskExecuter$1.execut
eTask(EventFiringTaskExecuter.java:77)
    	at org.gradle.api.internal.tasks.ex
ecution.EventFiringTaskExecuter$1.call(E
ventFiringTaskExecuter.java:55)
    	at org.gradle.api.internal.tasks.ex
ecution.EventFiringTaskExecuter$1.call(E
ventFiringTaskExecuter.java:52)
    	at org.gradle.internal.operations.D
efaultBuildOperationRunner$CallableBuild
OperationWorker.execute(DefaultBuildOper
ationRunner.java:210)
    	at org.gradle.internal.operations.D
efaultBuildOperationRunner$CallableBuild
OperationWorker.execute(DefaultBuildOper
ationRunner.java:205)
    	at org.gradle.internal.operations.D
efaultBuildOperationRunner$2.execute(Def
aultBuildOperationRunner.java:67)
    	at org.gradle.internal.operations.D
efaultBuildOperationRunner$2.execute(Def
aultBuildOperationRunner.java:60)
    	at org.gradle.internal.operations.D
efaultBuildOperationRunner.execute(Defau
ltBuildOperationRunner.java:167)
    	at org.gradle.internal.operations.D
efaultBuildOperationRunner.execute(Defau
ltBuildOperationRunner.java:60)
    	at org.gradle.internal.operations.D
efaultBuildOperationRunner.call(DefaultB
uildOperationRunner.java:54)
    	at org.gradle.api.internal.tasks.ex
ecution.EventFiringTaskExecuter.execute(
EventFiringTaskExecuter.java:52)
    	at org.gradle.execution.plan.LocalT
askNodeExecutor.execute(LocalTaskNodeExe
cutor.java:42)
    	at org.gradle.execution.taskgraph.D
efaultTaskExecutionGraph$InvokeNodeExecu
torsAction.execute(DefaultTaskExecutionG
raph.java:331)
    	at org.gradle.execution.taskgraph.D
efaultTaskExecutionGraph$InvokeNodeExecu
torsAction.execute(DefaultTaskExecutionG
raph.java:318)
    	at org.gradle.execution.taskgraph.D
efaultTaskExecutionGraph$BuildOperationA
wareExecutionAction.lambda$execute$0(Def
aultTaskExecutionGraph.java:314)
    	at org.gradle.internal.operations.C
urrentBuildOperationRef.with(CurrentBuil
dOperationRef.java:85)
    	at org.gradle.execution.taskgraph.D
efaultTaskExecutionGraph$BuildOperationA
wareExecutionAction.execute(DefaultTaskE
xecutionGraph.java:314)
    	at org.gradle.execution.taskgraph.D
efaultTaskExecutionGraph$BuildOperationA
wareExecutionAction.execute(DefaultTaskE
xecutionGraph.java:303)
    	at org.gradle.execution.plan.Defaul
tPlanExecutor$ExecutorWorker.execute(Def
aultPlanExecutor.java:459)
    	at org.gradle.execution.plan.Defaul
tPlanExecutor$ExecutorWorker.run(Default
PlanExecutor.java:376)
    	at org.gradle.internal.concurrent.E
xecutorPolicy$CatchAndRecordFailures.onE
xecute(ExecutorPolicy.java:64)
    	at org.gradle.internal.concurrent.A
bstractManagedExecutor$1.run(AbstractMan
agedExecutor.java:48)
Compiling XML table C:\Users\vbant\AndroidStudioProjects\ManoMitra\app\build\intermediates\incremental\debug\mergeDebugResources\merged.dir\values-hy\values-hy.xml to C:\Users\vbant\AndroidStudioProjects\ManoMitra\app\build\intermediates\merged_res\debug\mergeDebugResources\values-hy_values-hy.arsc.flat
Compiling XML table C:\Users\vbant\AndroidStudioProjects\ManoMitra\app\build\intermediates\incremental\debug\mergeDebugResources\merged.dir\values-hu\values-hu.xml to C:\Users\vbant\AndroidStudioProjects\ManoMitra\app\build\intermediates\merged_res\debug\mergeDebugResources\values-hu_values-hu.arsc.flat
Compiling XML table C:\Users\vbant\AndroidStudioProjects\ManoMitra\app\build\intermediates\incremental\debug\mergeDebugResources\merged.dir\values-watch-v21\values-watch-v21.xml to C:\Users\vbant\AndroidStudioProjects\ManoMitra\app\build\intermediates\merged_res\debug\mergeDebugResources\values-watch-v21_values-watch-v21.arsc.flat
Compiling XML table C:\Users\vbant\AndroidStudioProjects\ManoMitra\app\build\intermediates\incremental\debug\mergeDebugResources\merged.dir\values-pt\values-pt.xml to C:\Users\vbant\AndroidStudioProjects\ManoMitra\app\build\intermediates\merged_res\debug\mergeDebugResources\values-pt_values-pt.arsc.flat
Compiling XML table C:\Users\vbant\AndroidStudioProjects\ManoMitra\app\build\intermediates\incremental\debug\mergeDebugResources\merged.dir\values-h320dp-port-v13\values-h320dp-port-v13.xml to C:\Users\vbant\AndroidStudioProjects\ManoMitra\app\build\intermediates\merged_res\debug\mergeDebugResources\values-h320dp-port-v13_values-h320dp-port-v13.arsc.flat
Compiling XML table C:\Users\vbant\AndroidStudioProjects\ManoMitra\app\build\intermediates\incremental\debug\mergeDebugResources\merged.dir\values-hi\values-hi.xml to C:\Users\vbant\AndroidStudioProjects\ManoMitra\app\build\intermediates\merged_res\debug\mergeDebugResources\values-hi_values-hi.arsc.flat
Compiling XML table C:\Users\vbant\AndroidStudioProjects\ManoMitra\app\build\intermediates\incremental\debug\mergeDebugResources\merged.dir\values-watch-v20\values-watch-v20.xml to C:\Users\vbant\AndroidStudioProjects\ManoMitra\app\build\intermediates\merged_res\debug\mergeDebugResources\values-watch-v20_values-watch-v20.arsc.flat
Compiling XML table C:\Users\vbant\AndroidStudioProjects\ManoMitra\app\build\intermediates\incremental\debug\mergeDebugResources\merged.dir\values-h480dp-v13\values-h480dp-v13.xml to C:\Users\vbant\AndroidStudioProjects\ManoMitra\app\build\intermediates\merged_res\debug\mergeDebugResources\values-h480dp-v13_values-h480dp-v13.arsc.flat
Compiling XML table C:\Users\vbant\AndroidStudioProjects\ManoMitra\app\build\intermediates\incremental\debug\mergeDebugResources\merged.dir\values-hr\values-hr.xml to C:\Users\vbant\AndroidStudioProjects\ManoMitra\app\build\intermediates\merged_res\debug\mergeDebugResources\values-hr_values-hr.arsc.flat
    	at java.base/java.util.concurrent.T
hreadPoolExecutor.runWorker(ThreadPoolEx
ecutor.java:1136)
    	at java.base/java.util.concurrent.T
hreadPoolExecutor$Worker.run(ThreadPoolE
xecutor.java:635)
    	at java.base/java.lang.Thread.run(T
hread.java:840)
    
Compiling XML table C:\Users\vbant\AndroidStudioProjects\ManoMitra\app\build\intermediates\incremental\debug\mergeDebugResources\merged.dir\values-v16\values-v16.xml to C:\Users\vbant\AndroidStudioProjects\ManoMitra\app\build\intermediates\merged_res\debug\mergeDebugResources\values-v16_values-v16.arsc.flat
Compiling XML table C:\Users\vbant\AndroidStudioProjects\ManoMitra\app\build\intermediates\incremental\debug\mergeDebugResources\merged.dir\values-v18\values-v18.xml to C:\Users\vbant\AndroidStudioProjects\ManoMitra\app\build\intermediates\merged_res\debug\mergeDebugResources\values-v18_values-v18.arsc.flat
Compiling XML table C:\Users\vbant\AndroidStudioProjects\ManoMitra\app\build\intermediates\incremental\debug\mergeDebugResources\merged.dir\values\values.xml to C:\Users\vbant\AndroidStudioProjects\ManoMitra\app\build\intermediates\merged_res\debug\mergeDebugResources\values_values.arsc.flat
Compiling XML table C:\Users\vbant\AndroidStudioProjects\ManoMitra\app\build\intermediates\incremental\debug\mergeDebugResources\merged.dir\values-is\values-is.xml to C:\Users\vbant\AndroidStudioProjects\ManoMitra\app\build\intermediates\merged_res\debug\mergeDebugResources\values-is_values-is.arsc.flat
Compiling XML table C:\Users\vbant\AndroidStudioProjects\ManoMitra\app\build\intermediates\incremental\debug\mergeDebugResources\merged.dir\values-it\values-it.xml to C:\Users\vbant\AndroidStudioProjects\ManoMitra\app\build\intermediates\merged_res\debug\mergeDebugResources\values-it_values-it.arsc.flat
Compiling XML table C:\Users\vbant\AndroidStudioProjects\ManoMitra\app\build\intermediates\incremental\debug\mergeDebugResources\merged.dir\values-w360dp-port-v13\values-w360dp-port-v13.xml to C:\Users\vbant\AndroidStudioProjects\ManoMitra\app\build\intermediates\merged_res\debug\mergeDebugResources\values-w360dp-port-v13_values-w360dp-port-v13.arsc.flat
Compiling XML table C:\Users\vbant\AndroidStudioProjects\ManoMitra\app\build\intermediates\incremental\debug\mergeDebugResources\merged.dir\values-w320dp-land-v13\values-w320dp-land-v13.xml to C:\Users\vbant\AndroidStudioProjects\ManoMitra\app\build\intermediates\merged_res\debug\mergeDebugResources\values-w320dp-land-v13_values-w320dp-land-v13.arsc.flat
Compiling XML table C:\Users\vbant\AndroidStudioProjects\ManoMitra\app\build\intermediates\incremental\debug\mergeDebugResources\merged.dir\values-v25\values-v25.xml to C:\Users\vbant\AndroidStudioProjects\ManoMitra\app\build\intermediates\merged_res\debug\mergeDebugResources\values-v25_values-v25.arsc.flat
Compiling XML table C:\Users\vbant\AndroidStudioProjects\ManoMitra\app\build\intermediates\incremental\debug\mergeDebugResources\merged.dir\values-zh-rHK\values-zh-rHK.xml to C:\Users\vbant\AndroidStudioProjects\ManoMitra\app\build\intermediates\merged_res\debug\mergeDebugResources\values-zh-rHK_values-zh-rHK.arsc.flat
Compiling XML table C:\Users\vbant\AndroidStudioProjects\ManoMitra\app\build\intermediates\incremental\debug\mergeDebugResources\merged.dir\values-ldltr-v21\values-ldltr-v21.xml to C:\Users\vbant\AndroidStudioProjects\ManoMitra\app\build\intermediates\merged_res\debug\mergeDebugResources\values-ldltr-v21_values-ldltr-v21.arsc.flat
Compiling XML table C:\Users\vbant\AndroidStudioProjects\ManoMitra\app\build\intermediates\incremental\debug\mergeDebugResources\merged.dir\values-w600dp-v13\values-w600dp-v13.xml to C:\Users\vbant\AndroidStudioProjects\ManoMitra\app\build\intermediates\merged_res\debug\mergeDebugResources\values-w600dp-v13_values-w600dp-v13.arsc.flat
Compiling XML table C:\Users\vbant\AndroidStudioProjects\ManoMitra\app\build\intermediates\incremental\debug\mergeDebugResources\merged.dir\values-b+sr+Latn\values-b+sr+Latn.xml to C:\Users\vbant\AndroidStudioProjects\ManoMitra\app\build\intermediates\merged_res\debug\mergeDebugResources\values-b+sr+Latn_values-b+sr+Latn.arsc.flat
Compiling XML table C:\Users\vbant\AndroidStudioProjects\ManoMitra\app\build\intermediates\incremental\debug\mergeDebugResources\merged.dir\values-ar\values-ar.xml to C:\Users\vbant\AndroidStudioProjects\ManoMitra\app\build\intermediates\merged_res\debug\mergeDebugResources\values-ar_values-ar.arsc.flat
Compiling XML table C:\Users\vbant\AndroidStudioProjects\ManoMitra\app\build\intermediates\incremental\debug\mergeDebugResources\merged.dir\values-be\values-be.xml to C:\Users\vbant\AndroidStudioProjects\ManoMitra\app\build\intermediates\merged_res\debug\mergeDebugResources\values-be_values-be.arsc.flat
Compiling XML table C:\Users\vbant\AndroidStudioProjects\ManoMitra\app\build\intermediates\incremental\debug\mergeDebugResources\merged.dir\values-v23\values-v23.xml to C:\Users\vbant\AndroidStudioProjects\ManoMitra\app\build\intermediates\merged_res\debug\mergeDebugResources\values-v23_values-v23.arsc.flat
Compiling XML table C:\Users\vbant\AndroidStudioProjects\ManoMitra\app\build\intermediates\incremental\debug\mergeDebugResources\merged.dir\values-am\values-am.xml to C:\Users\vbant\AndroidStudioProjects\ManoMitra\app\build\intermediates\merged_res\debug\mergeDebugResources\values-am_values-am.arsc.flat
Compiling XML table C:\Users\vbant\AndroidStudioProjects\ManoMitra\app\build\intermediates\incremental\debug\mergeDebugResources\merged.dir\values-v24\values-v24.xml to C:\Users\vbant\AndroidStudioProjects\ManoMitra\app\build\intermediates\merged_res\debug\mergeDebugResources\values-v24_values-v24.arsc.flat
Compiling XML table C:\Users\vbant\AndroidStudioProjects\ManoMitra\app\build\intermediates\incremental\debug\mergeDebugResources\merged.dir\values-v22\values-v22.xml to C:\Users\vbant\AndroidStudioProjects\ManoMitra\app\build\intermediates\merged_res\debug\mergeDebugResources\values-v22_values-v22.arsc.flat
Compiling XML table C:\Users\vbant\AndroidStudioProjects\ManoMitra\app\build\intermediates\incremental\debug\mergeDebugResources\merged.dir\values-ja\values-ja.xml to C:\Users\vbant\AndroidStudioProjects\ManoMitra\app\build\intermediates\merged_res\debug\mergeDebugResources\values-ja_values-ja.arsc.flat
Compiling XML table C:\Users\vbant\AndroidStudioProjects\ManoMitra\app\build\intermediates\incremental\debug\mergeDebugResources\merged.dir\values-pt-rPT\values-pt-rPT.xml to C:\Users\vbant\AndroidStudioProjects\ManoMitra\app\build\intermediates\merged_res\debug\mergeDebugResources\values-pt-rPT_values-pt-rPT.arsc.flat
Compiling XML table C:\Users\vbant\AndroidStudioProjects\ManoMitra\app\build\intermediates\incremental\debug\mergeDebugResources\merged.dir\values-w1240dp-v13\values-w1240dp-v13.xml to C:\Users\vbant\AndroidStudioProjects\ManoMitra\app\build\intermediates\merged_res\debug\mergeDebugResources\values-w1240dp-v13_values-w1240dp-v13.arsc.flat
Compiling XML table C:\Users\vbant\AndroidStudioProjects\ManoMitra\app\build\intermediates\incremental\debug\mergeDebugResources\merged.dir\values-af\values-af.xml to C:\Users\vbant\AndroidStudioProjects\ManoMitra\app\build\intermediates\merged_res\debug\mergeDebugResources\values-af_values-af.arsc.flat
Compiling XML table C:\Users\vbant\AndroidStudioProjects\ManoMitra\app\build\intermediates\incremental\debug\mergeDebugResources\merged.dir\values-ca\values-ca.xml to C:\Users\vbant\AndroidStudioProjects\ManoMitra\app\build\intermediates\merged_res\debug\mergeDebugResources\values-ca_values-ca.arsc.flat
Compiling XML table C:\Users\vbant\AndroidStudioProjects\ManoMitra\app\build\intermediates\incremental\debug\mergeDebugResources\merged.dir\values-as\values-as.xml to C:\Users\vbant\AndroidStudioProjects\ManoMitra\app\build\intermediates\merged_res\debug\mergeDebugResources\values-as_values-as.arsc.flat
Compiling XML table C:\Users\vbant\AndroidStudioProjects\ManoMitra\app\build\intermediates\incremental\debug\mergeDebugResources\merged.dir\values-v28\values-v28.xml to C:\Users\vbant\AndroidStudioProjects\ManoMitra\app\build\intermediates\merged_res\debug\mergeDebugResources\values-v28_values-v28.arsc.flat
Compiling XML table C:\Users\vbant\AndroidStudioProjects\ManoMitra\app\build\intermediates\incremental\debug\mergeDebugResources\merged.dir\values-zu\values-zu.xml to C:\Users\vbant\AndroidStudioProjects\ManoMitra\app\build\intermediates\merged_res\debug\mergeDebugResources\values-zu_values-zu.arsc.flat
Compiling XML table C:\Users\vbant\AndroidStudioProjects\ManoMitra\app\build\intermediates\incremental\debug\mergeDebugResources\merged.dir\values-in\values-in.xml to C:\Users\vbant\AndroidStudioProjects\ManoMitra\app\build\intermediates\merged_res\debug\mergeDebugResources\values-in_values-in.arsc.flat
Compiling XML table C:\Users\vbant\AndroidStudioProjects\ManoMitra\app\build\intermediates\incremental\debug\mergeDebugResources\merged.dir\values-ru\values-ru.xml to C:\Users\vbant\AndroidStudioProjects\ManoMitra\app\build\intermediates\merged_res\debug\mergeDebugResources\values-ru_values-ru.arsc.flat
Compiling XML table C:\Users\vbant\AndroidStudioProjects\ManoMitra\app\build\intermediates\incremental\debug\mergeDebugResources\merged.dir\values-sk\values-sk.xml to C:\Users\vbant\AndroidStudioProjects\ManoMitra\app\build\intermediates\merged_res\debug\mergeDebugResources\values-sk_values-sk.arsc.flat
Compiling XML table C:\Users\vbant\AndroidStudioProjects\ManoMitra\app\build\intermediates\incremental\debug\mergeDebugResources\merged.dir\values-sw600dp-v13\values-sw600dp-v13.xml to C:\Users\vbant\AndroidStudioProjects\ManoMitra\app\build\intermediates\merged_res\debug\mergeDebugResources\values-sw600dp-v13_values-sw600dp-v13.arsc.flat
Compiling XML table C:\Users\vbant\AndroidStudioProjects\ManoMitra\app\build\intermediates\incremental\debug\mergeDebugResources\merged.dir\values-en-rCA\values-en-rCA.xml to C:\Users\vbant\AndroidStudioProjects\ManoMitra\app\build\intermediates\merged_res\debug\mergeDebugResources\values-en-rCA_values-en-rCA.arsc.flat
Compiling XML table C:\Users\vbant\AndroidStudioProjects\ManoMitra\app\build\intermediates\incremental\debug\mergeDebugResources\merged.dir\values-v26\values-v26.xml to C:\Users\vbant\AndroidStudioProjects\ManoMitra\app\build\intermediates\merged_res\debug\mergeDebugResources\values-v26_values-v26.arsc.flat
Compiling XML table C:\Users\vbant\AndroidStudioProjects\ManoMitra\app\build\intermediates\incremental\debug\mergeDebugResources\merged.dir\values-sl\values-sl.xml to C:\Users\vbant\AndroidStudioProjects\ManoMitra\app\build\intermediates\merged_res\debug\mergeDebugResources\values-sl_values-sl.arsc.flat
Compiling XML table C:\Users\vbant\AndroidStudioProjects\ManoMitra\app\build\intermediates\incremental\debug\mergeDebugResources\merged.dir\values-v31\values-v31.xml to C:\Users\vbant\AndroidStudioProjects\ManoMitra\app\build\intermediates\merged_res\debug\mergeDebugResources\values-v31_values-v31.arsc.flat
Compiling XML table C:\Users\vbant\AndroidStudioProjects\ManoMitra\app\build\intermediates\incremental\debug\mergeDebugResources\merged.dir\values-v35\values-v35.xml to C:\Users\vbant\AndroidStudioProjects\ManoMitra\app\build\intermediates\merged_res\debug\mergeDebugResources\values-v35_values-v35.arsc.flat
Compiling XML table C:\Users\vbant\AndroidStudioProjects\ManoMitra\app\build\intermediates\incremental\debug\mergeDebugResources\merged.dir\values-cs\values-cs.xml to C:\Users\vbant\AndroidStudioProjects\ManoMitra\app\build\intermediates\merged_res\debug\mergeDebugResources\values-cs_values-cs.arsc.flat
Compiling XML table C:\Users\vbant\AndroidStudioProjects\ManoMitra\app\build\intermediates\incremental\debug\mergeDebugResources\merged.dir\values-km\values-km.xml to C:\Users\vbant\AndroidStudioProjects\ManoMitra\app\build\intermediates\merged_res\debug\mergeDebugResources\values-km_values-km.arsc.flat
Compiling XML table C:\Users\vbant\AndroidStudioProjects\ManoMitra\app\build\intermediates\incremental\debug\mergeDebugResources\merged.dir\values-ka\values-ka.xml to C:\Users\vbant\AndroidStudioProjects\ManoMitra\app\build\intermediates\merged_res\debug\mergeDebugResources\values-ka_values-ka.arsc.flat
Compiling XML table C:\Users\vbant\AndroidStudioProjects\ManoMitra\app\build\intermediates\incremental\debug\mergeDebugResources\merged.dir\values-bn\values-bn.xml to C:\Users\vbant\AndroidStudioProjects\ManoMitra\app\build\intermediates\merged_res\debug\mergeDebugResources\values-bn_values-bn.arsc.flat
Compiling XML table C:\Users\vbant\AndroidStudioProjects\ManoMitra\app\build\intermediates\incremental\debug\mergeDebugResources\merged.dir\values-pt-rBR\values-pt-rBR.xml to C:\Users\vbant\AndroidStudioProjects\ManoMitra\app\build\intermediates\merged_res\debug\mergeDebugResources\values-pt-rBR_values-pt-rBR.arsc.flat
Compiling XML table C:\Users\vbant\AndroidStudioProjects\ManoMitra\app\build\intermediates\incremental\debug\mergeDebugResources\merged.dir\values-ta\values-ta.xml to C:\Users\vbant\AndroidStudioProjects\ManoMitra\app\build\intermediates\merged_res\debug\mergeDebugResources\values-ta_values-ta.arsc.flat
Compiling XML table C:\Users\vbant\AndroidStudioProjects\ManoMitra\app\build\intermediates\incremental\debug\mergeDebugResources\merged.dir\values-lv\values-lv.xml to C:\Users\vbant\AndroidStudioProjects\ManoMitra\app\build\intermediates\merged_res\debug\mergeDebugResources\values-lv_values-lv.arsc.flat
Compiling XML table C:\Users\vbant\AndroidStudioProjects\ManoMitra\app\build\intermediates\incremental\debug\mergeDebugResources\merged.dir\values-kn\values-kn.xml to C:\Users\vbant\AndroidStudioProjects\ManoMitra\app\build\intermediates\merged_res\debug\mergeDebugResources\values-kn_values-kn.arsc.flat
Compiling XML table C:\Users\vbant\AndroidStudioProjects\ManoMitra\app\build\intermediates\incremental\debug\mergeDebugResources\merged.dir\values-az\values-az.xml to C:\Users\vbant\AndroidStudioProjects\ManoMitra\app\build\intermediates\merged_res\debug\mergeDebugResources\values-az_values-az.arsc.flat
Compiling XML table C:\Users\vbant\AndroidStudioProjects\ManoMitra\app\build\intermediates\incremental\debug\mergeDebugResources\merged.dir\values-v21\values-v21.xml to C:\Users\vbant\AndroidStudioProjects\ManoMitra\app\build\intermediates\merged_res\debug\mergeDebugResources\values-v21_values-v21.arsc.flat
Compiling XML table C:\Users\vbant\AndroidStudioProjects\ManoMitra\app\build\intermediates\incremental\debug\mergeDebugResources\merged.dir\values-sr\values-sr.xml to C:\Users\vbant\AndroidStudioProjects\ManoMitra\app\build\intermediates\merged_res\debug\mergeDebugResources\values-sr_values-sr.arsc.flat
Compiling XML table C:\Users\vbant\AndroidStudioProjects\ManoMitra\app\build\intermediates\incremental\debug\mergeDebugResources\merged.dir\values-ky\values-ky.xml to C:\Users\vbant\AndroidStudioProjects\ManoMitra\app\build\intermediates\merged_res\debug\mergeDebugResources\values-ky_values-ky.arsc.flat
Compiling XML table C:\Users\vbant\AndroidStudioProjects\ManoMitra\app\build\intermediates\incremental\debug\mergeDebugResources\merged.dir\values-ms\values-ms.xml to C:\Users\vbant\AndroidStudioProjects\ManoMitra\app\build\intermediates\merged_res\debug\mergeDebugResources\values-ms_values-ms.arsc.flat
Compiling XML table C:\Users\vbant\AndroidStudioProjects\ManoMitra\app\build\intermediates\incremental\debug\mergeDebugResources\merged.dir\values-sv\values-sv.xml to C:\Users\vbant\AndroidStudioProjects\ManoMitra\app\build\intermediates\merged_res\debug\mergeDebugResources\values-sv_values-sv.arsc.flat
Compiling XML table C:\Users\vbant\AndroidStudioProjects\ManoMitra\app\build\intermediates\incremental\debug\mergeDebugResources\merged.dir\values-es-rUS\values-es-rUS.xml to C:\Users\vbant\AndroidStudioProjects\ManoMitra\app\build\intermediates\merged_res\debug\mergeDebugResources\values-es-rUS_values-es-rUS.arsc.flat
Compiling XML table C:\Users\vbant\AndroidStudioProjects\ManoMitra\app\build\intermediates\incremental\debug\mergeDebugResources\merged.dir\values-lt\values-lt.xml to C:\Users\vbant\AndroidStudioProjects\ManoMitra\app\build\intermediates\merged_res\debug\mergeDebugResources\values-lt_values-lt.arsc.flat
Compiling XML table C:\Users\vbant\AndroidStudioProjects\ManoMitra\app\build\intermediates\incremental\debug\mergeDebugResources\merged.dir\values-night-v8\values-night-v8.xml to C:\Users\vbant\AndroidStudioProjects\ManoMitra\app\build\intermediates\merged_res\debug\mergeDebugResources\values-night-v8_values-night-v8.arsc.flat
Compiling XML table C:\Users\vbant\AndroidStudioProjects\ManoMitra\app\build\intermediates\incremental\debug\mergeDebugResources\merged.dir\values-tl\values-tl.xml to C:\Users\vbant\AndroidStudioProjects\ManoMitra\app\build\intermediates\merged_res\debug\mergeDebugResources\values-tl_values-tl.arsc.flat
Compiling XML table C:\Users\vbant\AndroidStudioProjects\ManoMitra\app\build\intermediates\incremental\debug\mergeDebugResources\merged.dir\values-lo\values-lo.xml to C:\Users\vbant\AndroidStudioProjects\ManoMitra\app\build\intermediates\merged_res\debug\mergeDebugResources\values-lo_values-lo.arsc.flat
Compiling XML table C:\Users\vbant\AndroidStudioProjects\ManoMitra\app\build\intermediates\incremental\debug\mergeDebugResources\merged.dir\values-da\values-da.xml to C:\Users\vbant\AndroidStudioProjects\ManoMitra\app\build\intermediates\merged_res\debug\mergeDebugResources\values-da_values-da.arsc.flat
Compiling XML table C:\Users\vbant\AndroidStudioProjects\ManoMitra\app\build\intermediates\incremental\debug\mergeDebugResources\merged.dir\values-xlarge-v4\values-xlarge-v4.xml to C:\Users\vbant\AndroidStudioProjects\ManoMitra\app\build\intermediates\merged_res\debug\mergeDebugResources\values-xlarge-v4_values-xlarge-v4.arsc.flat
Compiling XML table C:\Users\vbant\AndroidStudioProjects\ManoMitra\app\build\intermediates\incremental\debug\mergeDebugResources\merged.dir\values-de\values-de.xml to C:\Users\vbant\AndroidStudioProjects\ManoMitra\app\build\intermediates\merged_res\debug\mergeDebugResources\values-de_values-de.arsc.flat
Compiling XML table C:\Users\vbant\AndroidStudioProjects\ManoMitra\app\build\intermediates\incremental\debug\mergeDebugResources\merged.dir\values-ur\values-ur.xml to C:\Users\vbant\AndroidStudioProjects\ManoMitra\app\build\intermediates\merged_res\debug\mergeDebugResources\values-ur_values-ur.arsc.flat
Compiling XML table C:\Users\vbant\AndroidStudioProjects\ManoMitra\app\build\intermediates\incremental\debug\mergeDebugResources\merged.dir\values-fr-rCA\values-fr-rCA.xml to C:\Users\vbant\AndroidStudioProjects\ManoMitra\app\build\intermediates\merged_res\debug\mergeDebugResources\values-fr-rCA_values-fr-rCA.arsc.flat
Compiling XML table C:\Users\vbant\AndroidStudioProjects\ManoMitra\app\build\intermediates\incremental\debug\mergeDebugResources\merged.dir\values-ro\values-ro.xml to C:\Users\vbant\AndroidStudioProjects\ManoMitra\app\build\intermediates\merged_res\debug\mergeDebugResources\values-ro_values-ro.arsc.flat
Compiling XML table C:\Users\vbant\AndroidStudioProjects\ManoMitra\app\build\intermediates\incremental\debug\mergeDebugResources\merged.dir\values-mr\values-mr.xml to C:\Users\vbant\AndroidStudioProjects\ManoMitra\app\build\intermediates\merged_res\debug\mergeDebugResources\values-mr_values-mr.arsc.flat
Compiling XML table C:\Users\vbant\AndroidStudioProjects\ManoMitra\app\build\intermediates\incremental\debug\mergeDebugResources\merged.dir\values-mk\values-mk.xml to C:\Users\vbant\AndroidStudioProjects\ManoMitra\app\build\intermediates\merged_res\debug\mergeDebugResources\values-mk_values-mk.arsc.flat
Compiling XML table C:\Users\vbant\AndroidStudioProjects\ManoMitra\app\build\intermediates\incremental\debug\mergeDebugResources\merged.dir\values-or\values-or.xml to C:\Users\vbant\AndroidStudioProjects\ManoMitra\app\build\intermediates\merged_res\debug\mergeDebugResources\values-or_values-or.arsc.flat
Compiling XML table C:\Users\vbant\AndroidStudioProjects\ManoMitra\app\build\intermediates\incremental\debug\mergeDebugResources\merged.dir\values-et\values-et.xml to C:\Users\vbant\AndroidStudioProjects\ManoMitra\app\build\intermediates\merged_res\debug\mergeDebugResources\values-et_values-et.arsc.flat
Compiling XML table C:\Users\vbant\AndroidStudioProjects\ManoMitra\app\build\intermediates\incremental\debug\mergeDebugResources\merged.dir\values-w600dp-land-v13\values-w600dp-land-v13.xml to C:\Users\vbant\AndroidStudioProjects\ManoMitra\app\build\intermediates\merged_res\debug\mergeDebugResources\values-w600dp-land-v13_values-w600dp-land-v13.arsc.flat
Compiling XML table C:\Users\vbant\AndroidStudioProjects\ManoMitra\app\build\intermediates\incremental\debug\mergeDebugResources\merged.dir\values-uk\values-uk.xml to C:\Users\vbant\AndroidStudioProjects\ManoMitra\app\build\intermediates\merged_res\debug\mergeDebugResources\values-uk_values-uk.arsc.flat
Compiling XML table C:\Users\vbant\AndroidStudioProjects\ManoMitra\app\build\intermediates\incremental\debug\mergeDebugResources\merged.dir\values-uz\values-uz.xml to C:\Users\vbant\AndroidStudioProjects\ManoMitra\app\build\intermediates\merged_res\debug\mergeDebugResources\values-uz_values-uz.arsc.flat
Compiling XML table C:\Users\vbant\AndroidStudioProjects\ManoMitra\app\build\intermediates\incremental\debug\mergeDebugResources\merged.dir\values-land\values-land.xml to C:\Users\vbant\AndroidStudioProjects\ManoMitra\app\build\intermediates\merged_res\debug\mergeDebugResources\values-land_values-land.arsc.flat
Compiling XML table C:\Users\vbant\AndroidStudioProjects\ManoMitra\app\build\intermediates\incremental\debug\mergeDebugResources\merged.dir\values-eu\values-eu.xml to C:\Users\vbant\AndroidStudioProjects\ManoMitra\app\build\intermediates\merged_res\debug\mergeDebugResources\values-eu_values-eu.arsc.flat
Compiling XML table C:\Users\vbant\AndroidStudioProjects\ManoMitra\app\build\intermediates\incremental\debug\mergeDebugResources\merged.dir\values-es\values-es.xml to C:\Users\vbant\AndroidStudioProjects\ManoMitra\app\build\intermediates\merged_res\debug\mergeDebugResources\values-es_values-es.arsc.flat
Compiling XML table C:\Users\vbant\AndroidStudioProjects\ManoMitra\app\build\intermediates\incremental\debug\mergeDebugResources\merged.dir\values-nb\values-nb.xml to C:\Users\vbant\AndroidStudioProjects\ManoMitra\app\build\intermediates\merged_res\debug\mergeDebugResources\values-nb_values-nb.arsc.flat
Compiling XML table C:\Users\vbant\AndroidStudioProjects\ManoMitra\app\build\intermediates\incremental\debug\mergeDebugResources\merged.dir\values-fi\values-fi.xml to C:\Users\vbant\AndroidStudioProjects\ManoMitra\app\build\intermediates\merged_res\debug\mergeDebugResources\values-fi_values-fi.arsc.flat
Compiling xml file C:\Users\vbant\AndroidStudioProjects\ManoMitra\app\build\intermediates\incremental\debug\mergeDebugResources\stripped.dir\layout\item_appointment.xml to C:\Users\vbant\AndroidStudioProjects\ManoMitra\app\build\intermediates\merged_res\debug\mergeDebugResources\layout_item_appointment.xml.flat
Compiling XML table C:\Users\vbant\AndroidStudioProjects\ManoMitra\app\build\intermediates\incremental\debug\mergeDebugResources\merged.dir\values-te\values-te.xml to C:\Users\vbant\AndroidStudioProjects\ManoMitra\app\build\intermediates\merged_res\debug\mergeDebugResources\values-te_values-te.arsc.flat
Compiling XML table C:\Users\vbant\AndroidStudioProjects\ManoMitra\app\build\intermediates\incremental\debug\mergeDebugResources\merged.dir\values-en-rXC\values-en-rXC.xml to C:\Users\vbant\AndroidStudioProjects\ManoMitra\app\build\intermediates\merged_res\debug\mergeDebugResources\values-en-rXC_values-en-rXC.arsc.flat
Compiling XML table C:\Users\vbant\AndroidStudioProjects\ManoMitra\app\build\intermediates\incremental\debug\mergeDebugResources\merged.dir\values-port\values-port.xml to C:\Users\vbant\AndroidStudioProjects\ManoMitra\app\build\intermediates\merged_res\debug\mergeDebugResources\values-port_values-port.arsc.flat
Compiling xml file C:\Users\vbant\AndroidStudioProjects\ManoMitra\app\build\intermediates\incremental\debug\mergeDebugResources\stripped.dir\layout\activity_journal.xml to C:\Users\vbant\AndroidStudioProjects\ManoMitra\app\build\intermediates\merged_res\debug\mergeDebugResources\layout_activity_journal.xml.flat
Compiling XML table C:\Users\vbant\AndroidStudioProjects\ManoMitra\app\build\intermediates\incremental\debug\mergeDebugResources\merged.dir\values-zh-rCN\values-zh-rCN.xml to C:\Users\vbant\AndroidStudioProjects\ManoMitra\app\build\intermediates\merged_res\debug\mergeDebugResources\values-zh-rCN_values-zh-rCN.arsc.flat
Compiling XML table C:\Users\vbant\AndroidStudioProjects\ManoMitra\app\build\intermediates\incremental\debug\mergeDebugResources\merged.dir\values-hdpi-v4\values-hdpi-v4.xml to C:\Users\vbant\AndroidStudioProjects\ManoMitra\app\build\intermediates\merged_res\debug\mergeDebugResources\values-hdpi-v4_values-hdpi-v4.arsc.flat
Compiling XML table C:\Users\vbant\AndroidStudioProjects\ManoMitra\app\build\intermediates\incremental\debug\mergeDebugResources\merged.dir\values-pl\values-pl.xml to C:\Users\vbant\AndroidStudioProjects\ManoMitra\app\build\intermediates\merged_res\debug\mergeDebugResources\values-pl_values-pl.arsc.flat
Compiling xml file C:\Users\vbant\AndroidStudioProjects\ManoMitra\app\build\intermediates\incremental\debug\mergeDebugResources\stripped.dir\layout\activity_booking.xml to C:\Users\vbant\AndroidStudioProjects\ManoMitra\app\build\intermediates\merged_res\debug\mergeDebugResources\layout_activity_booking.xml.flat
Compiling image file C:\Users\vbant\AndroidStudioProjects\ManoMitra\app\src\main\res\drawable\ic_tree.png
Compiling file C:\Users\vbant\AndroidStudioProjects\ManoMitra\app\src\main\res\drawable\ic_tree.png to C:\Users\vbant\AndroidStudioProjects\ManoMitra\app\build\intermediates\merged_res\debug\mergeDebugResources\drawable_ic_tree.png.flat
Compiling XML table C:\Users\vbant\AndroidStudioProjects\ManoMitra\app\build\intermediates\incremental\debug\mergeDebugResources\merged.dir\values-pa\values-pa.xml to C:\Users\vbant\AndroidStudioProjects\ManoMitra\app\build\intermediates\merged_res\debug\mergeDebugResources\values-pa_values-pa.arsc.flat
Compiling XML table C:\Users\vbant\AndroidStudioProjects\ManoMitra\app\build\intermediates\incremental\debug\mergeDebugResources\merged.dir\values-bg\values-bg.xml to C:\Users\vbant\AndroidStudioProjects\ManoMitra\app\build\intermediates\merged_res\debug\mergeDebugResources\values-bg_values-bg.arsc.flat
Compiling XML table C:\Users\vbant\AndroidStudioProjects\ManoMitra\app\build\intermediates\incremental\debug\mergeDebugResources\merged.dir\values-h480dp-land-v13\values-h480dp-land-v13.xml to C:\Users\vbant\AndroidStudioProjects\ManoMitra\app\build\intermediates\merged_res\debug\mergeDebugResources\values-h480dp-land-v13_values-h480dp-land-v13.arsc.flat
Compiling XML table C:\Users\vbant\AndroidStudioProjects\ManoMitra\app\build\intermediates\incremental\debug\mergeDebugResources\merged.dir\values-si\values-si.xml to C:\Users\vbant\AndroidStudioProjects\ManoMitra\app\build\intermediates\merged_res\debug\mergeDebugResources\values-si_values-si.arsc.flat
Compiling xml file C:\Users\vbant\AndroidStudioProjects\ManoMitra\app\src\main\res\menu\menu_dashboard_user.xml to C:\Users\vbant\AndroidStudioProjects\ManoMitra\app\build\intermediates\merged_res\debug\mergeDebugResources\menu_menu_dashboard_user.xml.flat
Compiling XML table C:\Users\vbant\AndroidStudioProjects\ManoMitra\app\build\intermediates\incremental\debug\mergeDebugResources\merged.dir\values-en-rGB\values-en-rGB.xml to C:\Users\vbant\AndroidStudioProjects\ManoMitra\app\build\intermediates\merged_res\debug\mergeDebugResources\values-en-rGB_values-en-rGB.arsc.flat
Compiling xml file C:\Users\vbant\AndroidStudioProjects\ManoMitra\app\build\intermediates\incremental\debug\mergeDebugResources\stripped.dir\layout\activity_meditation.xml to C:\Users\vbant\AndroidStudioProjects\ManoMitra\app\build\intermediates\merged_res\debug\mergeDebugResources\layout_activity_meditation.xml.flat
Compiling xml file C:\Users\vbant\AndroidStudioProjects\ManoMitra\app\src\main\res\drawable\ic_shield.xml to C:\Users\vbant\AndroidStudioProjects\ManoMitra\app\build\intermediates\merged_res\debug\mergeDebugResources\drawable_ic_shield.xml.flat
Compiling xml file C:\Users\vbant\AndroidStudioProjects\ManoMitra\app\build\intermediates\incremental\debug\mergeDebugResources\stripped.dir\layout\activity_result.xml to C:\Users\vbant\AndroidStudioProjects\ManoMitra\app\build\intermediates\merged_res\debug\mergeDebugResources\layout_activity_result.xml.flat
Compiling image file C:\Users\vbant\AndroidStudioProjects\ManoMitra\app\src\main\res\drawable\ic_flower.png
Compiling xml file C:\Users\vbant\AndroidStudioProjects\ManoMitra\app\src\main\res\drawable\ic_helpline.xml to C:\Users\vbant\AndroidStudioProjects\ManoMitra\app\build\intermediates\merged_res\debug\mergeDebugResources\drawable_ic_helpline.xml.flat
Compiling xml file C:\Users\vbant\AndroidStudioProjects\ManoMitra\app\src\main\res\drawable\circle_bg_teal.xml to C:\Users\vbant\AndroidStudioProjects\ManoMitra\app\build\intermediates\merged_res\debug\mergeDebugResources\drawable_circle_bg_teal.xml.flat
Compiling xml file C:\Users\vbant\AndroidStudioProjects\ManoMitra\app\src\main\res\drawable\ic_logout.xml to C:\Users\vbant\AndroidStudioProjects\ManoMitra\app\build\intermediates\merged_res\debug\mergeDebugResources\drawable_ic_logout.xml.flat
Compiling xml file C:\Users\vbant\AndroidStudioProjects\ManoMitra\app\src\main\res\drawable\custom_scrollbar_thumb.xml to C:\Users\vbant\AndroidStudioProjects\ManoMitra\app\build\intermediates\merged_res\debug\mergeDebugResources\drawable_custom_scrollbar_thumb.xml.flat
Compiling file C:\Users\vbant\AndroidStudioProjects\ManoMitra\app\src\main\res\drawable\ic_flower.png to C:\Users\vbant\AndroidStudioProjects\ManoMitra\app\build\intermediates\merged_res\debug\mergeDebugResources\drawable_ic_flower.png.flat
Compiling xml file C:\Users\vbant\AndroidStudioProjects\ManoMitra\app\src\main\res\drawable\my_cursor.xml to C:\Users\vbant\AndroidStudioProjects\ManoMitra\app\build\intermediates\merged_res\debug\mergeDebugResources\drawable_my_cursor.xml.flat
Compiling xml file C:\Users\vbant\AndroidStudioProjects\ManoMitra\app\build\intermediates\incremental\debug\mergeDebugResources\stripped.dir\layout\activity_login.xml to C:\Users\vbant\AndroidStudioProjects\ManoMitra\app\build\intermediates\merged_res\debug\mergeDebugResources\layout_activity_login.xml.flat
Compiling xml file C:\Users\vbant\AndroidStudioProjects\ManoMitra\app\build\intermediates\incremental\debug\mergeDebugResources\stripped.dir\layout\activity_emergency.xml to C:\Users\vbant\AndroidStudioProjects\ManoMitra\app\build\intermediates\merged_res\debug\mergeDebugResources\layout_activity_emergency.xml.flat
Compiling xml file C:\Users\vbant\AndroidStudioProjects\ManoMitra\app\build\intermediates\incremental\debug\mergeDebugResources\stripped.dir\layout\activity_forgot_password.xml to C:\Users\vbant\AndroidStudioProjects\ManoMitra\app\build\intermediates\merged_res\debug\mergeDebugResources\layout_activity_forgot_password.xml.flat
Compiling xml file C:\Users\vbant\AndroidStudioProjects\ManoMitra\app\src\main\res\drawable\bg_unread_badge.xml to C:\Users\vbant\AndroidStudioProjects\ManoMitra\app\build\intermediates\merged_res\debug\mergeDebugResources\drawable_bg_unread_badge.xml.flat
Compiling xml file C:\Users\vbant\AndroidStudioProjects\ManoMitra\app\build\intermediates\incremental\debug\mergeDebugResources\stripped.dir\layout\activity_main.xml to C:\Users\vbant\AndroidStudioProjects\ManoMitra\app\build\intermediates\merged_res\debug\mergeDebugResources\layout_activity_main.xml.flat
Compiling xml file C:\Users\vbant\AndroidStudioProjects\ManoMitra\app\src\main\res\drawable\ic_calendar.xml to C:\Users\vbant\AndroidStudioProjects\ManoMitra\app\build\intermediates\merged_res\debug\mergeDebugResources\drawable_ic_calendar.xml.flat
Compiling xml file C:\Users\vbant\AndroidStudioProjects\ManoMitra\app\src\main\res\drawable\circle_white_bg.xml to C:\Users\vbant\AndroidStudioProjects\ManoMitra\app\build\intermediates\merged_res\debug\mergeDebugResources\drawable_circle_white_bg.xml.flat
Compiling xml file C:\Users\vbant\AndroidStudioProjects\ManoMitra\app\src\main\res\drawable\ic_launcher_background.xml to C:\Users\vbant\AndroidStudioProjects\ManoMitra\app\build\intermediates\merged_res\debug\mergeDebugResources\drawable_ic_launcher_background.xml.flat
Compiling xml file C:\Users\vbant\AndroidStudioProjects\ManoMitra\app\src\main\res\drawable\ic_lock.xml to C:\Users\vbant\AndroidStudioProjects\ManoMitra\app\build\intermediates\merged_res\debug\mergeDebugResources\drawable_ic_lock.xml.flat
Compiling xml file C:\Users\vbant\AndroidStudioProjects\ManoMitra\app\src\main\res\color\role_chip_bg.xml to C:\Users\vbant\AndroidStudioProjects\ManoMitra\app\build\intermediates\merged_res\debug\mergeDebugResources\color_role_chip_bg.xml.flat
Compiling file C:\Users\vbant\AndroidStudioProjects\ManoMitra\app\src\main\res\mipmap-mdpi\ic_launcher.webp to C:\Users\vbant\AndroidStudioProjects\ManoMitra\app\build\intermediates\merged_res\debug\mergeDebugResources\mipmap-mdpi_ic_launcher.webp.flat
Compiling image file C:\Users\vbant\AndroidStudioProjects\ManoMitra\app\src\main\res\drawable\ic_close.png
Compiling file C:\Users\vbant\AndroidStudioProjects\ManoMitra\app\src\main\res\drawable\ic_close.png to C:\Users\vbant\AndroidStudioProjects\ManoMitra\app\build\intermediates\merged_res\debug\mergeDebugResources\drawable_ic_close.png.flat
Compiling xml file C:\Users\vbant\AndroidStudioProjects\ManoMitra\app\src\main\res\drawable\bg_received_message.xml to C:\Users\vbant\AndroidStudioProjects\ManoMitra\app\build\intermediates\merged_res\debug\mergeDebugResources\drawable_bg_received_message.xml.flat
Compiling xml file C:\Users\vbant\AndroidStudioProjects\ManoMitra\app\build\intermediates\incremental\debug\mergeDebugResources\stripped.dir\layout\activity_mood_entry.xml to C:\Users\vbant\AndroidStudioProjects\ManoMitra\app\build\intermediates\merged_res\debug\mergeDebugResources\layout_activity_mood_entry.xml.flat
Compiling xml file C:\Users\vbant\AndroidStudioProjects\ManoMitra\app\src\main\res\anim\layout_animation_slide_up.xml to C:\Users\vbant\AndroidStudioProjects\ManoMitra\app\build\intermediates\merged_res\debug\mergeDebugResources\anim_layout_animation_slide_up.xml.flat
Compiling xml file C:\Users\vbant\AndroidStudioProjects\ManoMitra\app\build\intermediates\incremental\debug\mergeDebugResources\stripped.dir\layout\item_chat_user_voice.xml to C:\Users\vbant\AndroidStudioProjects\ManoMitra\app\build\intermediates\merged_res\debug\mergeDebugResources\layout_item_chat_user_voice.xml.flat
Compiling xml file C:\Users\vbant\AndroidStudioProjects\ManoMitra\app\src\main\res\drawable\ic_send.xml to C:\Users\vbant\AndroidStudioProjects\ManoMitra\app\build\intermediates\merged_res\debug\mergeDebugResources\drawable_ic_send.xml.flat
Compiling xml file C:\Users\vbant\AndroidStudioProjects\ManoMitra\app\build\intermediates\incremental\debug\mergeDebugResources\stripped.dir\layout\item_counsellor.xml to C:\Users\vbant\AndroidStudioProjects\ManoMitra\app\build\intermediates\merged_res\debug\mergeDebugResources\layout_item_counsellor.xml.flat
Compiling xml file C:\Users\vbant\AndroidStudioProjects\ManoMitra\app\build\intermediates\incremental\debug\mergeDebugResources\stripped.dir\layout\activity_wellness_hub.xml to C:\Users\vbant\AndroidStudioProjects\ManoMitra\app\build\intermediates\merged_res\debug\mergeDebugResources\layout_activity_wellness_hub.xml.flat
Compiling xml file C:\Users\vbant\AndroidStudioProjects\ManoMitra\app\src\main\res\drawable\mood_selector_bg.xml to C:\Users\vbant\AndroidStudioProjects\ManoMitra\app\build\intermediates\merged_res\debug\mergeDebugResources\drawable_mood_selector_bg.xml.flat
Compiling image file C:\Users\vbant\AndroidStudioProjects\ManoMitra\app\src\main\res\drawable\ic_learn.png
Compiling xml file C:\Users\vbant\AndroidStudioProjects\ManoMitra\app\src\main\res\menu\dashboard_bottom_menu.xml to C:\Users\vbant\AndroidStudioProjects\ManoMitra\app\build\intermediates\merged_res\debug\mergeDebugResources\menu_dashboard_bottom_menu.xml.flat
Compiling file C:\Users\vbant\AndroidStudioProjects\ManoMitra\app\src\main\res\drawable\ic_learn.png to C:\Users\vbant\AndroidStudioProjects\ManoMitra\app\build\intermediates\merged_res\debug\mergeDebugResources\drawable_ic_learn.png.flat
Compiling xml file C:\Users\vbant\AndroidStudioProjects\ManoMitra\app\src\main\res\drawable\bg_chat_input.xml to C:\Users\vbant\AndroidStudioProjects\ManoMitra\app\build\intermediates\merged_res\debug\mergeDebugResources\drawable_bg_chat_input.xml.flat
Compiling xml file C:\Users\vbant\AndroidStudioProjects\ManoMitra\app\src\main\res\drawable\circular_progress_bar.xml to C:\Users\vbant\AndroidStudioProjects\ManoMitra\app\build\intermediates\merged_res\debug\mergeDebugResources\drawable_circular_progress_bar.xml.flat
Compiling image file C:\Users\vbant\AndroidStudioProjects\ManoMitra\app\src\main\res\drawable\ic_music.png
Compiling file C:\Users\vbant\AndroidStudioProjects\ManoMitra\app\src\main\res\drawable\ic_music.png to C:\Users\vbant\AndroidStudioProjects\ManoMitra\app\build\intermediates\merged_res\debug\mergeDebugResources\drawable_ic_music.png.flat
Compiling image file C:\Users\vbant\AndroidStudioProjects\ManoMitra\app\src\main\res\drawable\ic_headphone.png
Compiling xml file C:\Users\vbant\AndroidStudioProjects\ManoMitra\app\src\main\res\drawable\ic_play_arrow.xml to C:\Users\vbant\AndroidStudioProjects\ManoMitra\app\build\intermediates\merged_res\debug\mergeDebugResources\drawable_ic_play_arrow.xml.flat
Compiling xml file C:\Users\vbant\AndroidStudioProjects\ManoMitra\app\src\main\res\drawable\bg_bot_message.xml to C:\Users\vbant\AndroidStudioProjects\ManoMitra\app\build\intermediates\merged_res\debug\mergeDebugResources\drawable_bg_bot_message.xml.flat
Compiling xml file C:\Users\vbant\AndroidStudioProjects\ManoMitra\app\src\main\res\drawable\scrollbar_thumb.xml to C:\Users\vbant\AndroidStudioProjects\ManoMitra\app\build\intermediates\merged_res\debug\mergeDebugResources\drawable_scrollbar_thumb.xml.flat
Compiling xml file C:\Users\vbant\AndroidStudioProjects\ManoMitra\app\src\main\res\drawable\bg_language_pill.xml to C:\Users\vbant\AndroidStudioProjects\ManoMitra\app\build\intermediates\merged_res\debug\mergeDebugResources\drawable_bg_language_pill.xml.flat
Compiling file C:\Users\vbant\AndroidStudioProjects\ManoMitra\app\src\main\res\drawable\ic_headphone.png to C:\Users\vbant\AndroidStudioProjects\ManoMitra\app\build\intermediates\merged_res\debug\mergeDebugResources\drawable_ic_headphone.png.flat
Compiling image file C:\Users\vbant\AndroidStudioProjects\ManoMitra\app\src\main\res\drawable\ic_heart.png
Compiling xml file C:\Users\vbant\AndroidStudioProjects\ManoMitra\app\build\intermediates\incremental\debug\mergeDebugResources\stripped.dir\layout\activity_view_appointments.xml to C:\Users\vbant\AndroidStudioProjects\ManoMitra\app\build\intermediates\merged_res\debug\mergeDebugResources\layout_activity_view_appointments.xml.flat
Compiling file C:\Users\vbant\AndroidStudioProjects\ManoMitra\app\src\main\res\drawable\ic_heart.png to C:\Users\vbant\AndroidStudioProjects\ManoMitra\app\build\intermediates\merged_res\debug\mergeDebugResources\drawable_ic_heart.png.flat
Compiling image file C:\Users\vbant\AndroidStudioProjects\ManoMitra\app\src\main\res\drawable\ic_brain.png
Compiling file C:\Users\vbant\AndroidStudioProjects\ManoMitra\app\src\main\res\drawable\ic_brain.png to C:\Users\vbant\AndroidStudioProjects\ManoMitra\app\build\intermediates\merged_res\debug\mergeDebugResources\drawable_ic_brain.png.flat
Compiling xml file C:\Users\vbant\AndroidStudioProjects\ManoMitra\app\src\main\res\drawable\ic_group.xml to C:\Users\vbant\AndroidStudioProjects\ManoMitra\app\build\intermediates\merged_res\debug\mergeDebugResources\drawable_ic_group.xml.flat
Compiling file C:\Users\vbant\AndroidStudioProjects\ManoMitra\app\src\main\res\mipmap-xxxhdpi\ic_launcher_foreground.webp to C:\Users\vbant\AndroidStudioProjects\ManoMitra\app\build\intermediates\merged_res\debug\mergeDebugResources\mipmap-xxxhdpi_ic_launcher_foreground.webp.flat
Compiling image file C:\Users\vbant\AndroidStudioProjects\ManoMitra\app\src\main\res\drawable\ic_coffee.png
Compiling file C:\Users\vbant\AndroidStudioProjects\ManoMitra\app\src\main\res\drawable\ic_coffee.png to C:\Users\vbant\AndroidStudioProjects\ManoMitra\app\build\intermediates\merged_res\debug\mergeDebugResources\drawable_ic_coffee.png.flat
Compiling xml file C:\Users\vbant\AndroidStudioProjects\ManoMitra\app\build\intermediates\incremental\debug\mergeDebugResources\stripped.dir\layout\activity_ocean.xml to C:\Users\vbant\AndroidStudioProjects\ManoMitra\app\build\intermediates\merged_res\debug\mergeDebugResources\layout_activity_ocean.xml.flat
Compiling xml file C:\Users\vbant\AndroidStudioProjects\ManoMitra\app\build\intermediates\incremental\debug\mergeDebugResources\stripped.dir\layout\item_affirmation_card.xml to C:\Users\vbant\AndroidStudioProjects\ManoMitra\app\build\intermediates\merged_res\debug\mergeDebugResources\layout_item_affirmation_card.xml.flat
Compiling xml file C:\Users\vbant\AndroidStudioProjects\ManoMitra\app\build\intermediates\incremental\debug\mergeDebugResources\stripped.dir\layout\activity_exam_stress.xml to C:\Users\vbant\AndroidStudioProjects\ManoMitra\app\build\intermediates\merged_res\debug\mergeDebugResources\layout_activity_exam_stress.xml.flat
Compiling xml file C:\Users\vbant\AndroidStudioProjects\ManoMitra\app\src\main\res\drawable\bg_round_icon_button.xml to C:\Users\vbant\AndroidStudioProjects\ManoMitra\app\build\intermediates\merged_res\debug\mergeDebugResources\drawable_bg_round_icon_button.xml.flat
Compiling xml file C:\Users\vbant\AndroidStudioProjects\ManoMitra\app\build\intermediates\incremental\debug\mergeDebugResources\stripped.dir\layout\activity_volunteer.xml to C:\Users\vbant\AndroidStudioProjects\ManoMitra\app\build\intermediates\merged_res\debug\mergeDebugResources\layout_activity_volunteer.xml.flat
Compiling xml file C:\Users\vbant\AndroidStudioProjects\ManoMitra\app\src\main\res\drawable\dot_inactive.xml to C:\Users\vbant\AndroidStudioProjects\ManoMitra\app\build\intermediates\merged_res\debug\mergeDebugResources\drawable_dot_inactive.xml.flat
Compiling file C:\Users\vbant\AndroidStudioProjects\ManoMitra\app\src\main\res\mipmap-xxxhdpi\ic_launcher.webp to C:\Users\vbant\AndroidStudioProjects\ManoMitra\app\build\intermediates\merged_res\debug\mergeDebugResources\mipmap-xxxhdpi_ic_launcher.webp.flat
Compiling file C:\Users\vbant\AndroidStudioProjects\ManoMitra\app\src\main\res\mipmap-hdpi\ic_launcher_foreground.webp to C:\Users\vbant\AndroidStudioProjects\ManoMitra\app\build\intermediates\merged_res\debug\mergeDebugResources\mipmap-hdpi_ic_launcher_foreground.webp.flat
Compiling xml file C:\Users\vbant\AndroidStudioProjects\ManoMitra\app\src\main\res\color\nav_item_color.xml to C:\Users\vbant\AndroidStudioProjects\ManoMitra\app\build\intermediates\merged_res\debug\mergeDebugResources\color_nav_item_color.xml.flat
Compiling xml file C:\Users\vbant\AndroidStudioProjects\ManoMitra\app\build\intermediates\incremental\debug\mergeDebugResources\stripped.dir\layout\activity_counsellor.xml to C:\Users\vbant\AndroidStudioProjects\ManoMitra\app\build\intermediates\merged_res\debug\mergeDebugResources\layout_activity_counsellor.xml.flat
Compiling xml file C:\Users\vbant\AndroidStudioProjects\ManoMitra\app\src\main\res\menu\menu_dashboard_moderator.xml to C:\Users\vbant\AndroidStudioProjects\ManoMitra\app\build\intermediates\merged_res\debug\mergeDebugResources\menu_menu_dashboard_moderator.xml.flat
Compiling xml file C:\Users\vbant\AndroidStudioProjects\ManoMitra\app\build\intermediates\incremental\debug\mergeDebugResources\stripped.dir\layout\activity_mood_history.xml to C:\Users\vbant\AndroidStudioProjects\ManoMitra\app\build\intermediates\merged_res\debug\mergeDebugResources\layout_activity_mood_history.xml.flat
Compiling xml file C:\Users\vbant\AndroidStudioProjects\ManoMitra\app\src\main\res\mipmap-anydpi-v26\ic_launcher.xml to C:\Users\vbant\AndroidStudioProjects\ManoMitra\app\build\intermediates\merged_res\debug\mergeDebugResources\mipmap-anydpi-v26_ic_launcher.xml.flat
Compiling xml file C:\Users\vbant\AndroidStudioProjects\ManoMitra\app\src\main\res\anim\bounce_up.xml to C:\Users\vbant\AndroidStudioProjects\ManoMitra\app\build\intermediates\merged_res\debug\mergeDebugResources\anim_bounce_up.xml.flat
Compiling xml file C:\Users\vbant\AndroidStudioProjects\ManoMitra\app\src\main\res\menu\menu_dashboard_counsellor.xml to C:\Users\vbant\AndroidStudioProjects\ManoMitra\app\build\intermediates\merged_res\debug\mergeDebugResources\menu_menu_dashboard_counsellor.xml.flat
Compiling xml file C:\Users\vbant\AndroidStudioProjects\ManoMitra\app\src\main\res\menu\menu_dashboard_volunteer.xml to C:\Users\vbant\AndroidStudioProjects\ManoMitra\app\build\intermediates\merged_res\debug\mergeDebugResources\menu_menu_dashboard_volunteer.xml.flat
Compiling xml file C:\Users\vbant\AndroidStudioProjects\ManoMitra\app\src\main\res\drawable\ic_refresh.xml to C:\Users\vbant\AndroidStudioProjects\ManoMitra\app\build\intermediates\merged_res\debug\mergeDebugResources\drawable_ic_refresh.xml.flat
Compiling xml file C:\Users\vbant\AndroidStudioProjects\ManoMitra\app\src\main\res\drawable\sunset_gradient.xml to C:\Users\vbant\AndroidStudioProjects\ManoMitra\app\build\intermediates\merged_res\debug\mergeDebugResources\drawable_sunset_gradient.xml.flat
Compiling image file C:\Users\vbant\AndroidStudioProjects\ManoMitra\app\src\main\res\drawable\ic_good.png
Compiling file C:\Users\vbant\AndroidStudioProjects\ManoMitra\app\src\main\res\drawable\ic_good.png to C:\Users\vbant\AndroidStudioProjects\ManoMitra\app\build\intermediates\merged_res\debug\mergeDebugResources\drawable_ic_good.png.flat
Compiling XML table C:\Users\vbant\AndroidStudioProjects\ManoMitra\app\build\intermediates\incremental\debug\mergeDebugResources\merged.dir\values-h550dp-port-v13\values-h550dp-port-v13.xml to C:\Users\vbant\AndroidStudioProjects\ManoMitra\app\build\intermediates\merged_res\debug\mergeDebugResources\values-h550dp-port-v13_values-h550dp-port-v13.arsc.flat
Compiling xml file C:\Users\vbant\AndroidStudioProjects\ManoMitra\app\build\intermediates\incremental\debug\mergeDebugResources\stripped.dir\layout\item_mood_emoji.xml to C:\Users\vbant\AndroidStudioProjects\ManoMitra\app\build\intermediates\merged_res\debug\mergeDebugResources\layout_item_mood_emoji.xml.flat
Compiling xml file C:\Users\vbant\AndroidStudioProjects\ManoMitra\app\build\intermediates\incremental\debug\mergeDebugResources\stripped.dir\layout\activity_assessment.xml to C:\Users\vbant\AndroidStudioProjects\ManoMitra\app\build\intermediates\merged_res\debug\mergeDebugResources\layout_activity_assessment.xml.flat
Compiling XML table C:\Users\vbant\AndroidStudioProjects\ManoMitra\app\build\intermediates\incremental\debug\mergeDebugResources\merged.dir\values-v17\values-v17.xml to C:\Users\vbant\AndroidStudioProjects\ManoMitra\app\build\intermediates\merged_res\debug\mergeDebugResources\values-v17_values-v17.arsc.flat
Compiling xml file C:\Users\vbant\AndroidStudioProjects\ManoMitra\app\build\intermediates\incremental\debug\mergeDebugResources\stripped.dir\layout\layout_role_selector.xml to C:\Users\vbant\AndroidStudioProjects\ManoMitra\app\build\intermediates\merged_res\debug\mergeDebugResources\layout_layout_role_selector.xml.flat
Compiling image file C:\Users\vbant\AndroidStudioProjects\ManoMitra\app\src\main\res\drawable\ic_stars.png
Compiling file C:\Users\vbant\AndroidStudioProjects\ManoMitra\app\src\main\res\drawable\ic_stars.png to C:\Users\vbant\AndroidStudioProjects\ManoMitra\app\build\intermediates\merged_res\debug\mergeDebugResources\drawable_ic_stars.png.flat
Compiling xml file C:\Users\vbant\AndroidStudioProjects\ManoMitra\app\src\main\res\drawable\ic_chevron_up.xml to C:\Users\vbant\AndroidStudioProjects\ManoMitra\app\build\intermediates\merged_res\debug\mergeDebugResources\drawable_ic_chevron_up.xml.flat
Compiling xml file C:\Users\vbant\AndroidStudioProjects\ManoMitra\app\src\main\res\drawable\ic_launcher_foreground.xml to C:\Users\vbant\AndroidStudioProjects\ManoMitra\app\build\intermediates\merged_res\debug\mergeDebugResources\drawable_ic_launcher_foreground.xml.flat
Compiling image file C:\Users\vbant\AndroidStudioProjects\ManoMitra\app\src\main\res\drawable\ic_okay.png
Compiling file C:\Users\vbant\AndroidStudioProjects\ManoMitra\app\src\main\res\drawable\ic_okay.png to C:\Users\vbant\AndroidStudioProjects\ManoMitra\app\build\intermediates\merged_res\debug\mergeDebugResources\drawable_ic_okay.png.flat
Compiling xml file C:\Users\vbant\AndroidStudioProjects\ManoMitra\app\src\main\res\drawable\ic_stop.xml to C:\Users\vbant\AndroidStudioProjects\ManoMitra\app\build\intermediates\merged_res\debug\mergeDebugResources\drawable_ic_stop.xml.flat
Compiling xml file C:\Users\vbant\AndroidStudioProjects\ManoMitra\app\src\main\res\xml\data_extraction_rules.xml to C:\Users\vbant\AndroidStudioProjects\ManoMitra\app\build\intermediates\merged_res\debug\mergeDebugResources\xml_data_extraction_rules.xml.flat
Compiling XML table C:\Users\vbant\AndroidStudioProjects\ManoMitra\app\build\intermediates\incremental\debug\mergeDebugResources\merged.dir\values-zh-rTW\values-zh-rTW.xml to C:\Users\vbant\AndroidStudioProjects\ManoMitra\app\build\intermediates\merged_res\debug\mergeDebugResources\values-zh-rTW_values-zh-rTW.arsc.flat
Compiling xml file C:\Users\vbant\AndroidStudioProjects\ManoMitra\app\src\main\res\drawable\hero_card_bg.xml to C:\Users\vbant\AndroidStudioProjects\ManoMitra\app\build\intermediates\merged_res\debug\mergeDebugResources\drawable_hero_card_bg.xml.flat
Compiling file C:\Users\vbant\AndroidStudioProjects\ManoMitra\app\src\main\res\raw\success_voice.mp3 to C:\Users\vbant\AndroidStudioProjects\ManoMitra\app\build\intermediates\merged_res\debug\mergeDebugResources\raw_success_voice.mp3.flat
Compiling XML table C:\Users\vbant\AndroidStudioProjects\ManoMitra\app\build\intermediates\incremental\debug\mergeDebugResources\merged.dir\values-iw\values-iw.xml to C:\Users\vbant\AndroidStudioProjects\ManoMitra\app\build\intermediates\merged_res\debug\mergeDebugResources\values-iw_values-iw.arsc.flat
Compiling xml file C:\Users\vbant\AndroidStudioProjects\ManoMitra\app\build\intermediates\incremental\debug\mergeDebugResources\stripped.dir\layout\card_support_community.xml to C:\Users\vbant\AndroidStudioProjects\ManoMitra\app\build\intermediates\merged_res\debug\mergeDebugResources\layout_card_support_community.xml.flat
Compiling xml file C:\Users\vbant\AndroidStudioProjects\ManoMitra\app\src\main\res\drawable\ic_settings.xml to C:\Users\vbant\AndroidStudioProjects\ManoMitra\app\build\intermediates\merged_res\debug\mergeDebugResources\drawable_ic_settings.xml.flat
Compiling xml file C:\Users\vbant\AndroidStudioProjects\ManoMitra\app\src\main\res\drawable\curved_header_background.xml to C:\Users\vbant\AndroidStudioProjects\ManoMitra\app\build\intermediates\merged_res\debug\mergeDebugResources\drawable_curved_header_background.xml.flat
Compiling xml file C:\Users\vbant\AndroidStudioProjects\ManoMitra\app\build\intermediates\incremental\debug\mergeDebugResources\stripped.dir\layout\item_chat_list.xml to C:\Users\vbant\AndroidStudioProjects\ManoMitra\app\build\intermediates\merged_res\debug\mergeDebugResources\layout_item_chat_list.xml.flat
Compiling file C:\Users\vbant\AndroidStudioProjects\ManoMitra\app\src\main\res\mipmap-xhdpi\ic_launcher_round.webp to C:\Users\vbant\AndroidStudioProjects\ManoMitra\app\build\intermediates\merged_res\debug\mergeDebugResources\mipmap-xhdpi_ic_launcher_round.webp.flat
Compiling xml file C:\Users\vbant\AndroidStudioProjects\ManoMitra\app\build\intermediates\incremental\debug\mergeDebugResources\stripped.dir\layout\activity_sleep.xml to C:\Users\vbant\AndroidStudioProjects\ManoMitra\app\build\intermediates\merged_res\debug\mergeDebugResources\layout_activity_sleep.xml.flat
Compiling XML table C:\Users\vbant\AndroidStudioProjects\ManoMitra\app\build\intermediates\incremental\debug\mergeDebugResources\merged.dir\values-sq\values-sq.xml to C:\Users\vbant\AndroidStudioProjects\ManoMitra\app\build\intermediates\merged_res\debug\mergeDebugResources\values-sq_values-sq.arsc.flat
Compiling XML table C:\Users\vbant\AndroidStudioProjects\ManoMitra\app\build\intermediates\incremental\debug\mergeDebugResources\merged.dir\values-h360dp-land-v13\values-h360dp-land-v13.xml to C:\Users\vbant\AndroidStudioProjects\ManoMitra\app\build\intermediates\merged_res\debug\mergeDebugResources\values-h360dp-land-v13_values-h360dp-land-v13.arsc.flat
Compiling XML table C:\Users\vbant\AndroidStudioProjects\ManoMitra\app\build\intermediates\incremental\debug\mergeDebugResources\merged.dir\values-v34\values-v34.xml to C:\Users\vbant\AndroidStudioProjects\ManoMitra\app\build\intermediates\merged_res\debug\mergeDebugResources\values-v34_values-v34.arsc.flat
Compiling xml file C:\Users\vbant\AndroidStudioProjects\ManoMitra\app\src\main\res\drawable\ic_person.xml to C:\Users\vbant\AndroidStudioProjects\ManoMitra\app\build\intermediates\merged_res\debug\mergeDebugResources\drawable_ic_person.xml.flat
Compiling image file C:\Users\vbant\AndroidStudioProjects\ManoMitra\app\src\main\res\drawable\ic_low.png
Compiling XML table C:\Users\vbant\AndroidStudioProjects\ManoMitra\app\build\intermediates\incremental\debug\mergeDebugResources\merged.dir\values-bs\values-bs.xml to C:\Users\vbant\AndroidStudioProjects\ManoMitra\app\build\intermediates\merged_res\debug\mergeDebugResources\values-bs_values-bs.arsc.flat
Compiling file C:\Users\vbant\AndroidStudioProjects\ManoMitra\app\src\main\res\drawable\ic_low.png to C:\Users\vbant\AndroidStudioProjects\ManoMitra\app\build\intermediates\merged_res\debug\mergeDebugResources\drawable_ic_low.png.flat
Compiling XML table C:\Users\vbant\AndroidStudioProjects\ManoMitra\app\build\intermediates\incremental\debug\mergeDebugResources\merged.dir\values-ko\values-ko.xml to C:\Users\vbant\AndroidStudioProjects\ManoMitra\app\build\intermediates\merged_res\debug\mergeDebugResources\values-ko_values-ko.arsc.flat
Compiling xml file C:\Users\vbant\AndroidStudioProjects\ManoMitra\app\src\main\res\drawable\ic_chevron_down.xml to C:\Users\vbant\AndroidStudioProjects\ManoMitra\app\build\intermediates\merged_res\debug\mergeDebugResources\drawable_ic_chevron_down.xml.flat
Compiling xml file C:\Users\vbant\AndroidStudioProjects\ManoMitra\app\build\intermediates\incremental\debug\mergeDebugResources\stripped.dir\layout\activity_date_time_selection.xml to C:\Users\vbant\AndroidStudioProjects\ManoMitra\app\build\intermediates\merged_res\debug\mergeDebugResources\layout_activity_date_time_selection.xml.flat
Compiling xml file C:\Users\vbant\AndroidStudioProjects\ManoMitra\app\build\intermediates\incremental\debug\mergeDebugResources\stripped.dir\layout\activity_focus.xml to C:\Users\vbant\AndroidStudioProjects\ManoMitra\app\build\intermediates\merged_res\debug\mergeDebugResources\layout_activity_focus.xml.flat
Compiling XML table C:\Users\vbant\AndroidStudioProjects\ManoMitra\app\build\intermediates\incremental\debug\mergeDebugResources\merged.dir\values-kk\values-kk.xml to C:\Users\vbant\AndroidStudioProjects\ManoMitra\app\build\intermediates\merged_res\debug\mergeDebugResources\values-kk_values-kk.arsc.flat
Compiling xml file C:\Users\vbant\AndroidStudioProjects\ManoMitra\app\build\intermediates\incremental\debug\mergeDebugResources\stripped.dir\layout\activity_affirmations.xml to C:\Users\vbant\AndroidStudioProjects\ManoMitra\app\build\intermediates\merged_res\debug\mergeDebugResources\layout_activity_affirmations.xml.flat
Compiling XML table C:\Users\vbant\AndroidStudioProjects\ManoMitra\app\build\intermediates\incremental\debug\mergeDebugResources\merged.dir\values-th\values-th.xml to C:\Users\vbant\AndroidStudioProjects\ManoMitra\app\build\intermediates\merged_res\debug\mergeDebugResources\values-th_values-th.arsc.flat
Compiling xml file C:\Users\vbant\AndroidStudioProjects\ManoMitra\app\build\intermediates\incremental\debug\mergeDebugResources\stripped.dir\layout\activity_counsellor_applications.xml to C:\Users\vbant\AndroidStudioProjects\ManoMitra\app\build\intermediates\merged_res\debug\mergeDebugResources\layout_activity_counsellor_applications.xml.flat
Compiling xml file C:\Users\vbant\AndroidStudioProjects\ManoMitra\app\build\intermediates\incremental\debug\mergeDebugResources\stripped.dir\layout\item_pending_application.xml to C:\Users\vbant\AndroidStudioProjects\ManoMitra\app\build\intermediates\merged_res\debug\mergeDebugResources\layout_item_pending_application.xml.flat
Compiling xml file C:\Users\vbant\AndroidStudioProjects\ManoMitra\app\src\main\res\drawable\shape_breathing_circle.xml to C:\Users\vbant\AndroidStudioProjects\ManoMitra\app\build\intermediates\merged_res\debug\mergeDebugResources\drawable_shape_breathing_circle.xml.flat
Compiling image file C:\Users\vbant\AndroidStudioProjects\ManoMitra\app\src\main\res\drawable\ic_verylow.png
Compiling file C:\Users\vbant\AndroidStudioProjects\ManoMitra\app\src\main\res\drawable\ic_verylow.png to C:\Users\vbant\AndroidStudioProjects\ManoMitra\app\build\intermediates\merged_res\debug\mergeDebugResources\drawable_ic_verylow.png.flat
Compiling xml file C:\Users\vbant\AndroidStudioProjects\ManoMitra\app\build\intermediates\incremental\debug\mergeDebugResources\stripped.dir\layout\item_chat_history.xml to C:\Users\vbant\AndroidStudioProjects\ManoMitra\app\build\intermediates\merged_res\debug\mergeDebugResources\layout_item_chat_history.xml.flat
Compiling file C:\Users\vbant\AndroidStudioProjects\ManoMitra\app\src\main\res\mipmap-xxhdpi\ic_launcher_foreground.webp to C:\Users\vbant\AndroidStudioProjects\ManoMitra\app\build\intermediates\merged_res\debug\mergeDebugResources\mipmap-xxhdpi_ic_launcher_foreground.webp.flat
Compiling xml file C:\Users\vbant\AndroidStudioProjects\ManoMitra\app\src\main\res\drawable\ic_more_vert.xml to C:\Users\vbant\AndroidStudioProjects\ManoMitra\app\build\intermediates\merged_res\debug\mergeDebugResources\drawable_ic_more_vert.xml.flat
Compiling xml file C:\Users\vbant\AndroidStudioProjects\ManoMitra\app\build\intermediates\incremental\debug\mergeDebugResources\stripped.dir\layout\chat_item_bot.xml to C:\Users\vbant\AndroidStudioProjects\ManoMitra\app\build\intermediates\merged_res\debug\mergeDebugResources\layout_chat_item_bot.xml.flat
Compiling file C:\Users\vbant\AndroidStudioProjects\ManoMitra\app\src\main\res\mipmap-mdpi\ic_launcher_foreground.webp to C:\Users\vbant\AndroidStudioProjects\ManoMitra\app\build\intermediates\merged_res\debug\mergeDebugResources\mipmap-mdpi_ic_launcher_foreground.webp.flat
Compiling XML table C:\Users\vbant\AndroidStudioProjects\ManoMitra\app\build\intermediates\incremental\debug\mergeDebugResources\merged.dir\values-h720dp-v13\values-h720dp-v13.xml to C:\Users\vbant\AndroidStudioProjects\ManoMitra\app\build\intermediates\merged_res\debug\mergeDebugResources\values-h720dp-v13_values-h720dp-v13.arsc.flat
Compiling XML table C:\Users\vbant\AndroidStudioProjects\ManoMitra\app\build\intermediates\incremental\debug\mergeDebugResources\merged.dir\values-ldrtl-v17\values-ldrtl-v17.xml to C:\Users\vbant\AndroidStudioProjects\ManoMitra\app\build\intermediates\merged_res\debug\mergeDebugResources\values-ldrtl-v17_values-ldrtl-v17.arsc.flat
Compiling XML table C:\Users\vbant\AndroidStudioProjects\ManoMitra\app\build\intermediates\incremental\debug\mergeDebugResources\merged.dir\values-fa\values-fa.xml to C:\Users\vbant\AndroidStudioProjects\ManoMitra\app\build\intermediates\merged_res\debug\mergeDebugResources\values-fa_values-fa.arsc.flat
Compiling XML table C:\Users\vbant\AndroidStudioProjects\ManoMitra\app\build\intermediates\incremental\debug\mergeDebugResources\merged.dir\values-sw\values-sw.xml to C:\Users\vbant\AndroidStudioProjects\ManoMitra\app\build\intermediates\merged_res\debug\mergeDebugResources\values-sw_values-sw.arsc.flat
Compiling XML table C:\Users\vbant\AndroidStudioProjects\ManoMitra\app\build\intermediates\incremental\debug\mergeDebugResources\merged.dir\values-my\values-my.xml to C:\Users\vbant\AndroidStudioProjects\ManoMitra\app\build\intermediates\merged_res\debug\mergeDebugResources\values-my_values-my.arsc.flat
Compiling XML table C:\Users\vbant\AndroidStudioProjects\ManoMitra\app\build\intermediates\incremental\debug\mergeDebugResources\merged.dir\values-en-rAU\values-en-rAU.xml to C:\Users\vbant\AndroidStudioProjects\ManoMitra\app\build\intermediates\merged_res\debug\mergeDebugResources\values-en-rAU_values-en-rAU.arsc.flat
Compiling XML table C:\Users\vbant\AndroidStudioProjects\ManoMitra\app\build\intermediates\incremental\debug\mergeDebugResources\merged.dir\values-en-rIN\values-en-rIN.xml to C:\Users\vbant\AndroidStudioProjects\ManoMitra\app\build\intermediates\merged_res\debug\mergeDebugResources\values-en-rIN_values-en-rIN.arsc.flat
Compiling XML table C:\Users\vbant\AndroidStudioProjects\ManoMitra\app\build\intermediates\incremental\debug\mergeDebugResources\merged.dir\values-nl\values-nl.xml to C:\Users\vbant\AndroidStudioProjects\ManoMitra\app\build\intermediates\merged_res\debug\mergeDebugResources\values-nl_values-nl.arsc.flat
Compiling XML table C:\Users\vbant\AndroidStudioProjects\ManoMitra\app\build\intermediates\incremental\debug\mergeDebugResources\merged.dir\values-gu\values-gu.xml to C:\Users\vbant\AndroidStudioProjects\ManoMitra\app\build\intermediates\merged_res\debug\mergeDebugResources\values-gu_values-gu.arsc.flat
Compiling XML table C:\Users\vbant\AndroidStudioProjects\ManoMitra\app\build\intermediates\incremental\debug\mergeDebugResources\merged.dir\values-b+es+419\values-b+es+419.xml to C:\Users\vbant\AndroidStudioProjects\ManoMitra\app\build\intermediates\merged_res\debug\mergeDebugResources\values-b+es+419_values-b+es+419.arsc.flat
Compiling XML table C:\Users\vbant\AndroidStudioProjects\ManoMitra\app\build\intermediates\incremental\debug\mergeDebugResources\merged.dir\values-tr\values-tr.xml to C:\Users\vbant\AndroidStudioProjects\ManoMitra\app\build\intermediates\merged_res\debug\mergeDebugResources\values-tr_values-tr.arsc.flat
Compiling XML table C:\Users\vbant\AndroidStudioProjects\ManoMitra\app\build\intermediates\incremental\debug\mergeDebugResources\merged.dir\values-mn\values-mn.xml to C:\Users\vbant\AndroidStudioProjects\ManoMitra\app\build\intermediates\merged_res\debug\mergeDebugResources\values-mn_values-mn.arsc.flat
Compiling xml file C:\Users\vbant\AndroidStudioProjects\ManoMitra\app\src\main\res\drawable\ic_delete.xml to C:\Users\vbant\AndroidStudioProjects\ManoMitra\app\build\intermediates\merged_res\debug\mergeDebugResources\drawable_ic_delete.xml.flat
Compiling XML table C:\Users\vbant\AndroidStudioProjects\ManoMitra\app\build\intermediates\incremental\debug\mergeDebugResources\merged.dir\values-el\values-el.xml to C:\Users\vbant\AndroidStudioProjects\ManoMitra\app\build\intermediates\merged_res\debug\mergeDebugResources\values-el_values-el.arsc.flat
Compiling xml file C:\Users\vbant\AndroidStudioProjects\ManoMitra\app\build\intermediates\incremental\debug\mergeDebugResources\stripped.dir\layout\activity_self_care.xml to C:\Users\vbant\AndroidStudioProjects\ManoMitra\app\build\intermediates\merged_res\debug\mergeDebugResources\layout_activity_self_care.xml.flat
Compiling xml file C:\Users\vbant\AndroidStudioProjects\ManoMitra\app\build\intermediates\incremental\debug\mergeDebugResources\stripped.dir\layout\activity_music.xml to C:\Users\vbant\AndroidStudioProjects\ManoMitra\app\build\intermediates\merged_res\debug\mergeDebugResources\layout_activity_music.xml.flat
Compiling xml file C:\Users\vbant\AndroidStudioProjects\ManoMitra\app\build\intermediates\incremental\debug\mergeDebugResources\stripped.dir\layout\item_crisis.xml to C:\Users\vbant\AndroidStudioProjects\ManoMitra\app\build\intermediates\merged_res\debug\mergeDebugResources\layout_item_crisis.xml.flat
Compiling XML table C:\Users\vbant\AndroidStudioProjects\ManoMitra\app\build\intermediates\incremental\debug\mergeDebugResources\merged.dir\values-ml\values-ml.xml to C:\Users\vbant\AndroidStudioProjects\ManoMitra\app\build\intermediates\merged_res\debug\mergeDebugResources\values-ml_values-ml.arsc.flat
Compiling XML table C:\Users\vbant\AndroidStudioProjects\ManoMitra\app\build\intermediates\incremental\debug\mergeDebugResources\merged.dir\values-ne\values-ne.xml to C:\Users\vbant\AndroidStudioProjects\ManoMitra\app\build\intermediates\merged_res\debug\mergeDebugResources\values-ne_values-ne.arsc.flat
Compiling XML table C:\Users\vbant\AndroidStudioProjects\ManoMitra\app\build\intermediates\incremental\debug\mergeDebugResources\merged.dir\values-w400dp-port-v13\values-w400dp-port-v13.xml to C:\Users\vbant\AndroidStudioProjects\ManoMitra\app\build\intermediates\merged_res\debug\mergeDebugResources\values-w400dp-port-v13_values-w400dp-port-v13.arsc.flat
Compiling xml file C:\Users\vbant\AndroidStudioProjects\ManoMitra\app\src\main\res\drawable\themed_rounded_background.xml to C:\Users\vbant\AndroidStudioProjects\ManoMitra\app\build\intermediates\merged_res\debug\mergeDebugResources\drawable_themed_rounded_background.xml.flat
Compiling xml file C:\Users\vbant\AndroidStudioProjects\ManoMitra\app\build\intermediates\incremental\debug\mergeDebugResources\stripped.dir\layout\activity_saved_tips.xml to C:\Users\vbant\AndroidStudioProjects\ManoMitra\app\build\intermediates\merged_res\debug\mergeDebugResources\layout_activity_saved_tips.xml.flat
Compiling xml file C:\Users\vbant\AndroidStudioProjects\ManoMitra\app\src\main\res\drawable\ic_arrow_left.xml to C:\Users\vbant\AndroidStudioProjects\ManoMitra\app\build\intermediates\merged_res\debug\mergeDebugResources\drawable_ic_arrow_left.xml.flat
Compiling xml file C:\Users\vbant\AndroidStudioProjects\ManoMitra\app\src\main\res\drawable\bg_crisis_badge.xml to C:\Users\vbant\AndroidStudioProjects\ManoMitra\app\build\intermediates\merged_res\debug\mergeDebugResources\drawable_bg_crisis_badge.xml.flat
Compiling xml file C:\Users\vbant\AndroidStudioProjects\ManoMitra\app\build\intermediates\incremental\debug\mergeDebugResources\stripped.dir\layout\item_chat_loading.xml to C:\Users\vbant\AndroidStudioProjects\ManoMitra\app\build\intermediates\merged_res\debug\mergeDebugResources\layout_item_chat_loading.xml.flat
Compiling XML table C:\Users\vbant\AndroidStudioProjects\ManoMitra\app\build\intermediates\incremental\debug\mergeDebugResources\merged.dir\values-large-v4\values-large-v4.xml to C:\Users\vbant\AndroidStudioProjects\ManoMitra\app\build\intermediates\merged_res\debug\mergeDebugResources\values-large-v4_values-large-v4.arsc.flat
Compiling image file C:\Users\vbant\AndroidStudioProjects\ManoMitra\app\src\main\res\drawable\ic_face.png
Compiling file C:\Users\vbant\AndroidStudioProjects\ManoMitra\app\src\main\res\drawable\ic_face.png to C:\Users\vbant\AndroidStudioProjects\ManoMitra\app\build\intermediates\merged_res\debug\mergeDebugResources\drawable_ic_face.png.flat
Compiling image file C:\Users\vbant\AndroidStudioProjects\ManoMitra\app\src\main\res\drawable\ic_moon.png
Compiling file C:\Users\vbant\AndroidStudioProjects\ManoMitra\app\src\main\res\drawable\ic_moon.png to C:\Users\vbant\AndroidStudioProjects\ManoMitra\app\build\intermediates\merged_res\debug\mergeDebugResources\drawable_ic_moon.png.flat
Compiling XML table C:\Users\vbant\AndroidStudioProjects\ManoMitra\app\build\intermediates\incremental\debug\mergeDebugResources\merged.dir\values-vi\values-vi.xml to C:\Users\vbant\AndroidStudioProjects\ManoMitra\app\build\intermediates\merged_res\debug\mergeDebugResources\values-vi_values-vi.arsc.flat
Compiling xml file C:\Users\vbant\AndroidStudioProjects\ManoMitra\app\src\main\res\drawable\custom_scrollbar_track.xml to C:\Users\vbant\AndroidStudioProjects\ManoMitra\app\build\intermediates\merged_res\debug\mergeDebugResources\drawable_custom_scrollbar_track.xml.flat
Compiling image file C:\Users\vbant\AndroidStudioProjects\ManoMitra\app\src\main\res\drawable\ic_waves.png
Compiling file C:\Users\vbant\AndroidStudioProjects\ManoMitra\app\src\main\res\drawable\ic_waves.png to C:\Users\vbant\AndroidStudioProjects\ManoMitra\app\build\intermediates\merged_res\debug\mergeDebugResources\drawable_ic_waves.png.flat
Compiling XML table C:\Users\vbant\AndroidStudioProjects\ManoMitra\app\build\intermediates\incremental\debug\mergeDebugResources\merged.dir\values-gl\values-gl.xml to C:\Users\vbant\AndroidStudioProjects\ManoMitra\app\build\intermediates\merged_res\debug\mergeDebugResources\values-gl_values-gl.arsc.flat
Compiling xml file C:\Users\vbant\AndroidStudioProjects\ManoMitra\app\build\intermediates\incremental\debug\mergeDebugResources\stripped.dir\layout\card_support_messages.xml to C:\Users\vbant\AndroidStudioProjects\ManoMitra\app\build\intermediates\merged_res\debug\mergeDebugResources\layout_card_support_messages.xml.flat
Compiling file C:\Users\vbant\AndroidStudioProjects\ManoMitra\app\src\main\res\mipmap-xhdpi\ic_launcher.webp to C:\Users\vbant\AndroidStudioProjects\ManoMitra\app\build\intermediates\merged_res\debug\mergeDebugResources\mipmap-xhdpi_ic_launcher.webp.flat
Compiling xml file C:\Users\vbant\AndroidStudioProjects\ManoMitra\app\src\main\res\drawable\bg_user_message.xml to C:\Users\vbant\AndroidStudioProjects\ManoMitra\app\build\intermediates\merged_res\debug\mergeDebugResources\drawable_bg_user_message.xml.flat
Compiling xml file C:\Users\vbant\AndroidStudioProjects\ManoMitra\app\src\main\res\xml\backup_rules.xml to C:\Users\vbant\AndroidStudioProjects\ManoMitra\app\build\intermediates\merged_res\debug\mergeDebugResources\xml_backup_rules.xml.flat
Compiling xml file C:\Users\vbant\AndroidStudioProjects\ManoMitra\app\src\main\res\drawable\dot_active.xml to C:\Users\vbant\AndroidStudioProjects\ManoMitra\app\build\intermediates\merged_res\debug\mergeDebugResources\drawable_dot_active.xml.flat
Compiling xml file C:\Users\vbant\AndroidStudioProjects\ManoMitra\app\src\main\res\drawable\ic_warning.xml to C:\Users\vbant\AndroidStudioProjects\ManoMitra\app\build\intermediates\merged_res\debug\mergeDebugResources\drawable_ic_warning.xml.flat
Compiling xml file C:\Users\vbant\AndroidStudioProjects\ManoMitra\app\build\intermediates\incremental\debug\mergeDebugResources\stripped.dir\layout\activity_nature.xml to C:\Users\vbant\AndroidStudioProjects\ManoMitra\app\build\intermediates\merged_res\debug\mergeDebugResources\layout_activity_nature.xml.flat
Compiling image file C:\Users\vbant\AndroidStudioProjects\ManoMitra\app\src\main\res\drawable\ic_booking.png
Compiling file C:\Users\vbant\AndroidStudioProjects\ManoMitra\app\src\main\res\drawable\ic_booking.png to C:\Users\vbant\AndroidStudioProjects\ManoMitra\app\build\intermediates\merged_res\debug\mergeDebugResources\drawable_ic_booking.png.flat
Compiling xml file C:\Users\vbant\AndroidStudioProjects\ManoMitra\app\build\intermediates\incremental\debug\mergeDebugResources\stripped.dir\layout\item_card.xml to C:\Users\vbant\AndroidStudioProjects\ManoMitra\app\build\intermediates\merged_res\debug\mergeDebugResources\layout_item_card.xml.flat
Compiling xml file C:\Users\vbant\AndroidStudioProjects\ManoMitra\app\build\intermediates\incremental\debug\mergeDebugResources\stripped.dir\layout\activity_chat.xml to C:\Users\vbant\AndroidStudioProjects\ManoMitra\app\build\intermediates\merged_res\debug\mergeDebugResources\layout_activity_chat.xml.flat
Compiling xml file C:\Users\vbant\AndroidStudioProjects\ManoMitra\app\build\intermediates\incremental\debug\mergeDebugResources\stripped.dir\layout\activity_chat_history.xml to C:\Users\vbant\AndroidStudioProjects\ManoMitra\app\build\intermediates\merged_res\debug\mergeDebugResources\layout_activity_chat_history.xml.flat
Compiling xml file C:\Users\vbant\AndroidStudioProjects\ManoMitra\app\build\intermediates\incremental\debug\mergeDebugResources\stripped.dir\layout\activity_dashboard.xml to C:\Users\vbant\AndroidStudioProjects\ManoMitra\app\build\intermediates\merged_res\debug\mergeDebugResources\layout_activity_dashboard.xml.flat
Compiling xml file C:\Users\vbant\AndroidStudioProjects\ManoMitra\app\build\intermediates\incremental\debug\mergeDebugResources\stripped.dir\layout\activity_admin.xml to C:\Users\vbant\AndroidStudioProjects\ManoMitra\app\build\intermediates\merged_res\debug\mergeDebugResources\layout_activity_admin.xml.flat
Compiling xml file C:\Users\vbant\AndroidStudioProjects\ManoMitra\app\src\main\res\drawable\ic_mic.xml to C:\Users\vbant\AndroidStudioProjects\ManoMitra\app\build\intermediates\merged_res\debug\mergeDebugResources\drawable_ic_mic.xml.flat
Compiling XML table C:\Users\vbant\AndroidStudioProjects\ManoMitra\app\build\intermediates\incremental\debug\mergeDebugResources\merged.dir\values-fr\values-fr.xml to C:\Users\vbant\AndroidStudioProjects\ManoMitra\app\build\intermediates\merged_res\debug\mergeDebugResources\values-fr_values-fr.arsc.flat
Compiling xml file C:\Users\vbant\AndroidStudioProjects\ManoMitra\app\src\main\res\color\role_chip_stroke.xml to C:\Users\vbant\AndroidStudioProjects\ManoMitra\app\build\intermediates\merged_res\debug\mergeDebugResources\color_role_chip_stroke.xml.flat
Compiling xml file C:\Users\vbant\AndroidStudioProjects\ManoMitra\app\src\main\res\drawable\ic_info.xml to C:\Users\vbant\AndroidStudioProjects\ManoMitra\app\build\intermediates\merged_res\debug\mergeDebugResources\drawable_ic_info.xml.flat
Compiling xml file C:\Users\vbant\AndroidStudioProjects\ManoMitra\app\src\main\res\drawable\bg_icon_circle.xml to C:\Users\vbant\AndroidStudioProjects\ManoMitra\app\build\intermediates\merged_res\debug\mergeDebugResources\drawable_bg_icon_circle.xml.flat
Compiling xml file C:\Users\vbant\AndroidStudioProjects\ManoMitra\app\build\intermediates\incremental\debug\mergeDebugResources\stripped.dir\layout\item_sound_card.xml to C:\Users\vbant\AndroidStudioProjects\ManoMitra\app\build\intermediates\merged_res\debug\mergeDebugResources\layout_item_sound_card.xml.flat
Compiling file C:\Users\vbant\AndroidStudioProjects\ManoMitra\app\src\main\res\mipmap-hdpi\ic_launcher.webp to C:\Users\vbant\AndroidStudioProjects\ManoMitra\app\build\intermediates\merged_res\debug\mergeDebugResources\mipmap-hdpi_ic_launcher.webp.flat
Compiling xml file C:\Users\vbant\AndroidStudioProjects\ManoMitra\app\src\main\res\drawable\scrollbar_track.xml to C:\Users\vbant\AndroidStudioProjects\ManoMitra\app\build\intermediates\merged_res\debug\mergeDebugResources\drawable_scrollbar_track.xml.flat
Compiling xml file C:\Users\vbant\AndroidStudioProjects\ManoMitra\app\src\main\res\menu\menu_role_toolbar.xml to C:\Users\vbant\AndroidStudioProjects\ManoMitra\app\build\intermediates\merged_res\debug\mergeDebugResources\menu_menu_role_toolbar.xml.flat
Compiling xml file C:\Users\vbant\AndroidStudioProjects\ManoMitra\app\build\intermediates\incremental\debug\mergeDebugResources\stripped.dir\layout\activity_settings.xml to C:\Users\vbant\AndroidStudioProjects\ManoMitra\app\build\intermediates\merged_res\debug\mergeDebugResources\layout_activity_settings.xml.flat
Compiling file C:\Users\vbant\AndroidStudioProjects\ManoMitra\app\src\main\res\mipmap-xxhdpi\ic_launcher.webp to C:\Users\vbant\AndroidStudioProjects\ManoMitra\app\build\intermediates\merged_res\debug\mergeDebugResources\mipmap-xxhdpi_ic_launcher.webp.flat
Compiling xml file C:\Users\vbant\AndroidStudioProjects\ManoMitra\app\build\intermediates\incremental\debug\mergeDebugResources\stripped.dir\layout\activity_relax.xml to C:\Users\vbant\AndroidStudioProjects\ManoMitra\app\build\intermediates\merged_res\debug\mergeDebugResources\layout_activity_relax.xml.flat
Compiling image file C:\Users\vbant\AndroidStudioProjects\ManoMitra\app\src\main\res\drawable\ic_google.png
Compiling file C:\Users\vbant\AndroidStudioProjects\ManoMitra\app\src\main\res\drawable\ic_google.png to C:\Users\vbant\AndroidStudioProjects\ManoMitra\app\build\intermediates\merged_res\debug\mergeDebugResources\drawable_ic_google.png.flat
Compiling file C:\Users\vbant\AndroidStudioProjects\ManoMitra\app\src\main\res\mipmap-mdpi\ic_launcher_round.webp to C:\Users\vbant\AndroidStudioProjects\ManoMitra\app\build\intermediates\merged_res\debug\mergeDebugResources\mipmap-mdpi_ic_launcher_round.webp.flat
Compiling xml file C:\Users\vbant\AndroidStudioProjects\ManoMitra\app\build\intermediates\incremental\debug\mergeDebugResources\stripped.dir\layout\activity_chatbot.xml to C:\Users\vbant\AndroidStudioProjects\ManoMitra\app\build\intermediates\merged_res\debug\mergeDebugResources\layout_activity_chatbot.xml.flat
Compiling xml file C:\Users\vbant\AndroidStudioProjects\ManoMitra\app\build\intermediates\incremental\debug\mergeDebugResources\stripped.dir\layout\activity_morning.xml to C:\Users\vbant\AndroidStudioProjects\ManoMitra\app\build\intermediates\merged_res\debug\mergeDebugResources\layout_activity_morning.xml.flat
Compiling xml file C:\Users\vbant\AndroidStudioProjects\ManoMitra\app\build\intermediates\incremental\debug\mergeDebugResources\stripped.dir\layout\activity_profile.xml to C:\Users\vbant\AndroidStudioProjects\ManoMitra\app\build\intermediates\merged_res\debug\mergeDebugResources\layout_activity_profile.xml.flat
Compiling xml file C:\Users\vbant\AndroidStudioProjects\ManoMitra\app\src\main\res\anim\slide_to_cancel_animation.xml to C:\Users\vbant\AndroidStudioProjects\ManoMitra\app\build\intermediates\merged_res\debug\mergeDebugResources\anim_slide_to_cancel_animation.xml.flat
Compiling xml file C:\Users\vbant\AndroidStudioProjects\ManoMitra\app\build\intermediates\incremental\debug\mergeDebugResources\stripped.dir\layout\item_booking_status.xml to C:\Users\vbant\AndroidStudioProjects\ManoMitra\app\build\intermediates\merged_res\debug\mergeDebugResources\layout_item_booking_status.xml.flat
Compiling xml file C:\Users\vbant\AndroidStudioProjects\ManoMitra\app\build\intermediates\incremental\debug\mergeDebugResources\stripped.dir\layout\item_message_sent.xml to C:\Users\vbant\AndroidStudioProjects\ManoMitra\app\build\intermediates\merged_res\debug\mergeDebugResources\layout_item_message_sent.xml.flat
Compiling file C:\Users\vbant\AndroidStudioProjects\ManoMitra\app\src\main\res\raw\typing_indicators to C:\Users\vbant\AndroidStudioProjects\ManoMitra\app\build\intermediates\merged_res\debug\mergeDebugResources\raw_typing_indicators.flat
Compiling image file C:\Users\vbant\AndroidStudioProjects\ManoMitra\app\src\main\res\drawable\ic_resouces.png
Compiling file C:\Users\vbant\AndroidStudioProjects\ManoMitra\app\src\main\res\drawable\ic_resouces.png to C:\Users\vbant\AndroidStudioProjects\ManoMitra\app\build\intermediates\merged_res\debug\mergeDebugResources\drawable_ic_resouces.png.flat
Compiling xml file C:\Users\vbant\AndroidStudioProjects\ManoMitra\app\src\main\res\drawable\ic_volume.xml to C:\Users\vbant\AndroidStudioProjects\ManoMitra\app\build\intermediates\merged_res\debug\mergeDebugResources\drawable_ic_volume.xml.flat
Compiling xml file C:\Users\vbant\AndroidStudioProjects\ManoMitra\app\src\main\res\anim\slide_up_animation.xml to C:\Users\vbant\AndroidStudioProjects\ManoMitra\app\build\intermediates\merged_res\debug\mergeDebugResources\anim_slide_up_animation.xml.flat
Compiling xml file C:\Users\vbant\AndroidStudioProjects\ManoMitra\app\src\main\res\drawable\ic_check_circle.xml to C:\Users\vbant\AndroidStudioProjects\ManoMitra\app\build\intermediates\merged_res\debug\mergeDebugResources\drawable_ic_check_circle.xml.flat
Compiling xml file C:\Users\vbant\AndroidStudioProjects\ManoMitra\app\build\intermediates\incremental\debug\mergeDebugResources\stripped.dir\layout\card_support_booking.xml to C:\Users\vbant\AndroidStudioProjects\ManoMitra\app\build\intermediates\merged_res\debug\mergeDebugResources\layout_card_support_booking.xml.flat
Compiling xml file C:\Users\vbant\AndroidStudioProjects\ManoMitra\app\build\intermediates\incremental\debug\mergeDebugResources\stripped.dir\layout\activity_booking_status.xml to C:\Users\vbant\AndroidStudioProjects\ManoMitra\app\build\intermediates\merged_res\debug\mergeDebugResources\layout_activity_booking_status.xml.flat
Compiling xml file C:\Users\vbant\AndroidStudioProjects\ManoMitra\app\build\intermediates\incremental\debug\mergeDebugResources\stripped.dir\layout\activity_moderator.xml to C:\Users\vbant\AndroidStudioProjects\ManoMitra\app\build\intermediates\merged_res\debug\mergeDebugResources\layout_activity_moderator.xml.flat
Compiling xml file C:\Users\vbant\AndroidStudioProjects\ManoMitra\app\src\main\res\mipmap-anydpi-v26\ic_launcher_round.xml to C:\Users\vbant\AndroidStudioProjects\ManoMitra\app\build\intermediates\merged_res\debug\mergeDebugResources\mipmap-anydpi-v26_ic_launcher_round.xml.flat
Compiling xml file C:\Users\vbant\AndroidStudioProjects\ManoMitra\app\src\main\res\drawable\bg_sent_message.xml to C:\Users\vbant\AndroidStudioProjects\ManoMitra\app\build\intermediates\merged_res\debug\mergeDebugResources\drawable_bg_sent_message.xml.flat
Compiling file C:\Users\vbant\AndroidStudioProjects\ManoMitra\app\src\main\res\mipmap-xhdpi\ic_launcher_foreground.webp to C:\Users\vbant\AndroidStudioProjects\ManoMitra\app\build\intermediates\merged_res\debug\mergeDebugResources\mipmap-xhdpi_ic_launcher_foreground.webp.flat
Compiling xml file C:\Users\vbant\AndroidStudioProjects\ManoMitra\app\build\intermediates\incremental\debug\mergeDebugResources\stripped.dir\layout\activity_breathing.xml to C:\Users\vbant\AndroidStudioProjects\ManoMitra\app\build\intermediates\merged_res\debug\mergeDebugResources\layout_activity_breathing.xml.flat
Compiling xml file C:\Users\vbant\AndroidStudioProjects\ManoMitra\app\src\main\res\drawable\circular_progress.xml to C:\Users\vbant\AndroidStudioProjects\ManoMitra\app\build\intermediates\merged_res\debug\mergeDebugResources\drawable_circular_progress.xml.flat
Compiling xml file C:\Users\vbant\AndroidStudioProjects\ManoMitra\app\build\intermediates\incremental\debug\mergeDebugResources\stripped.dir\layout\activity_booking_confirmation.xml to C:\Users\vbant\AndroidStudioProjects\ManoMitra\app\build\intermediates\merged_res\debug\mergeDebugResources\layout_activity_booking_confirmation.xml.flat
Compiling xml file C:\Users\vbant\AndroidStudioProjects\ManoMitra\app\src\main\res\drawable\ic_list.xml to C:\Users\vbant\AndroidStudioProjects\ManoMitra\app\build\intermediates\merged_res\debug\mergeDebugResources\drawable_ic_list.xml.flat
Compiling xml file C:\Users\vbant\AndroidStudioProjects\ManoMitra\app\build\intermediates\incremental\debug\mergeDebugResources\stripped.dir\layout\activity_community.xml to C:\Users\vbant\AndroidStudioProjects\ManoMitra\app\build\intermediates\merged_res\debug\mergeDebugResources\layout_activity_community.xml.flat
Compiling xml file C:\Users\vbant\AndroidStudioProjects\ManoMitra\app\build\intermediates\incremental\debug\mergeDebugResources\stripped.dir\layout\item_resource_card.xml to C:\Users\vbant\AndroidStudioProjects\ManoMitra\app\build\intermediates\merged_res\debug\mergeDebugResources\layout_item_resource_card.xml.flat
Compiling xml file C:\Users\vbant\AndroidStudioProjects\ManoMitra\app\build\intermediates\incremental\debug\mergeDebugResources\stripped.dir\layout\layout_wellness_tools.xml to C:\Users\vbant\AndroidStudioProjects\ManoMitra\app\build\intermediates\merged_res\debug\mergeDebugResources\layout_layout_wellness_tools.xml.flat
Compiling xml file C:\Users\vbant\AndroidStudioProjects\ManoMitra\app\src\main\res\drawable\themed_user_bubble_background.xml to C:\Users\vbant\AndroidStudioProjects\ManoMitra\app\build\intermediates\merged_res\debug\mergeDebugResources\drawable_themed_user_bubble_background.xml.flat
Compiling xml file C:\Users\vbant\AndroidStudioProjects\ManoMitra\app\build\intermediates\incremental\debug\mergeDebugResources\stripped.dir\layout\item_message_received.xml to C:\Users\vbant\AndroidStudioProjects\ManoMitra\app\build\intermediates\merged_res\debug\mergeDebugResources\layout_item_message_received.xml.flat
Compiling xml file C:\Users\vbant\AndroidStudioProjects\ManoMitra\app\src\main\res\drawable\ic_globe.xml to C:\Users\vbant\AndroidStudioProjects\ManoMitra\app\build\intermediates\merged_res\debug\mergeDebugResources\drawable_ic_globe.xml.flat
Compiling xml file C:\Users\vbant\AndroidStudioProjects\ManoMitra\app\build\intermediates\incremental\debug\mergeDebugResources\stripped.dir\layout\item_wellness_tool.xml to C:\Users\vbant\AndroidStudioProjects\ManoMitra\app\build\intermediates\merged_res\debug\mergeDebugResources\layout_item_wellness_tool.xml.flat
Compiling xml file C:\Users\vbant\AndroidStudioProjects\ManoMitra\app\src\main\res\menu\menu_dashboard_admin.xml to C:\Users\vbant\AndroidStudioProjects\ManoMitra\app\build\intermediates\merged_res\debug\mergeDebugResources\menu_menu_dashboard_admin.xml.flat
Compiling file C:\Users\vbant\AndroidStudioProjects\ManoMitra\app\src\main\res\mipmap-hdpi\ic_launcher_round.webp to C:\Users\vbant\AndroidStudioProjects\ManoMitra\app\build\intermediates\merged_res\debug\mergeDebugResources\mipmap-hdpi_ic_launcher_round.webp.flat
Compiling xml file C:\Users\vbant\AndroidStudioProjects\ManoMitra\app\src\main\res\drawable\ic_chat.xml to C:\Users\vbant\AndroidStudioProjects\ManoMitra\app\build\intermediates\merged_res\debug\mergeDebugResources\drawable_ic_chat.xml.flat
Compiling image file C:\Users\vbant\AndroidStudioProjects\ManoMitra\app\src\main\res\drawable\ic_play.png
Compiling file C:\Users\vbant\AndroidStudioProjects\ManoMitra\app\src\main\res\drawable\ic_play.png to C:\Users\vbant\AndroidStudioProjects\ManoMitra\app\build\intermediates\merged_res\debug\mergeDebugResources\drawable_ic_play.png.flat
Compiling xml file C:\Users\vbant\AndroidStudioProjects\ManoMitra\app\src\main\res\drawable\ic_arrow_right.xml to C:\Users\vbant\AndroidStudioProjects\ManoMitra\app\build\intermediates\merged_res\debug\mergeDebugResources\drawable_ic_arrow_right.xml.flat

> Task :app:mergeDebugResources FAILED

FAILURE: Build completed with 2 
failures.

1: Task failed with an exception.
-----------
* What went wrong:
Execution failed for task 
':app:packageDebugResources'.
> C:\Users\vbant\AndroidStudioProjects\M
anoMitra\app\src\main\res\layout\activit
y_learn.xml:73:51: Error: The entity 
name must immediately follow the '&' in 
the entity reference.

* Try:
> Run with --stacktrace option to get 
the stack trace.
> Run with --debug option to get more 
log output.
> Run with --scan to get full insights.
> Get more help at 
https://help.gradle.org.
========================================
======================================

2: Task failed with an exception.
-----------
* What went wrong:
Execution failed for task 
':app:mergeDebugResources'.
> C:\Users\vbant\AndroidStudioProjects\M
anoMitra\app\src\main\res\layout\activit
y_learn.xml:73:51: Error: The entity 
name must immediately follow the '&' in 
the entity reference.

* Try:
> Run with --stacktrace option to get 
the stack trace.
> Run with --debug option to get more 
log output.
> Run with --scan to get full insights.
> Get more help at 
https://help.gradle.org.
========================================
======================================

BUILD FAILED in 9s
31 actionable tasks: 4 executed, 27 up-to-date
Watched directory hierarchies: [C:\Users\vbant\AndroidStudioProjects\ManoMitra]
Configuration cache entry reused.
